Component: ARM Compiler 5.06 update 6 (build 750) Tool: armlink [4d35ed]

==============================================================================

Section Cross References

    main.o(.text) refers to init.o(.text) for Init
    main.o(.text) refers to model_select.o(.text) for ModelEntry
    system_stm32f10x.o(.text) refers to system_stm32f10x.o(.data) for SystemCoreClock
    startup_stm32f10x_hd.o(STACK) refers (Special) to heapauxi.o(.text) for __use_two_region_memory
    startup_stm32f10x_hd.o(HEAP) refers (Special) to heapauxi.o(.text) for __use_two_region_memory
    startup_stm32f10x_hd.o(RESET) refers (Special) to heapauxi.o(.text) for __use_two_region_memory
    startup_stm32f10x_hd.o(RESET) refers to startup_stm32f10x_hd.o(STACK) for __initial_sp
    startup_stm32f10x_hd.o(RESET) refers to startup_stm32f10x_hd.o(.text) for Reset_Handler
    startup_stm32f10x_hd.o(RESET) refers to stm32f10x_it.o(.text) for NMI_Handler
    startup_stm32f10x_hd.o(RESET) refers to ultrasonic_avoid.o(.text) for EXTI1_IRQHandler
    startup_stm32f10x_hd.o(RESET) refers to timer.o(.text) for TIM2_IRQHandler
    startup_stm32f10x_hd.o(RESET) refers to usart.o(.text) for USART1_IRQHandler
    startup_stm32f10x_hd.o(.text) refers (Special) to heapauxi.o(.text) for __use_two_region_memory
    startup_stm32f10x_hd.o(.text) refers to system_stm32f10x.o(.text) for SystemInit
    startup_stm32f10x_hd.o(.text) refers to __main.o(!!!main) for __main
    startup_stm32f10x_hd.o(.text) refers to startup_stm32f10x_hd.o(HEAP) for Heap_Mem
    startup_stm32f10x_hd.o(.text) refers to startup_stm32f10x_hd.o(STACK) for Stack_Mem
    stm32f10x_adc.o(.text) refers to stm32f10x_rcc.o(.text) for RCC_APB2PeriphResetCmd
    stm32f10x_bkp.o(.text) refers to stm32f10x_rcc.o(.text) for RCC_BackupResetCmd
    stm32f10x_can.o(.text) refers to stm32f10x_rcc.o(.text) for RCC_APB1PeriphResetCmd
    stm32f10x_cec.o(.text) refers to stm32f10x_rcc.o(.text) for RCC_APB1PeriphResetCmd
    stm32f10x_dac.o(.text) refers to stm32f10x_rcc.o(.text) for RCC_APB1PeriphResetCmd
    stm32f10x_gpio.o(.text) refers to stm32f10x_rcc.o(.text) for RCC_APB2PeriphResetCmd
    stm32f10x_i2c.o(.text) refers to stm32f10x_rcc.o(.text) for RCC_APB1PeriphResetCmd
    stm32f10x_pwr.o(.text) refers to stm32f10x_rcc.o(.text) for RCC_APB1PeriphResetCmd
    stm32f10x_rcc.o(.text) refers to stm32f10x_rcc.o(.data) for APBAHBPrescTable
    stm32f10x_spi.o(.text) refers to stm32f10x_rcc.o(.text) for RCC_APB2PeriphResetCmd
    stm32f10x_tim.o(.text) refers to stm32f10x_rcc.o(.text) for RCC_APB2PeriphResetCmd
    stm32f10x_usart.o(.text) refers to stm32f10x_rcc.o(.text) for RCC_APB2PeriphResetCmd
    stm32f10x_wwdg.o(.text) refers to stm32f10x_rcc.o(.text) for RCC_APB1PeriphResetCmd
    buzzer.o(.text) refers to stm32f10x_rcc.o(.text) for RCC_APB2PeriphClockCmd
    buzzer.o(.text) refers to stm32f10x_gpio.o(.text) for GPIO_Init
    led.o(.text) refers to stm32f10x_rcc.o(.text) for RCC_APB2PeriphClockCmd
    led.o(.text) refers to stm32f10x_gpio.o(.text) for GPIO_Init
    key.o(.text) refers to stm32f10x_rcc.o(.text) for RCC_APB2PeriphClockCmd
    key.o(.text) refers to stm32f10x_gpio.o(.text) for GPIO_Init
    init.o(.text) refers to delay.o(.text) for DelayInit
    init.o(.text) refers to buzzer.o(.text) for BuzzerInit
    init.o(.text) refers to led.o(.text) for LedInit
    init.o(.text) refers to key.o(.text) for KeyInit
    init.o(.text) refers to track.o(.text) for TrackInit
    init.o(.text) refers to motion.o(.text) for MotionInit
    init.o(.text) refers to timer.o(.text) for TimerInit
    init.o(.text) refers to usart.o(.text) for UsartInit
    init.o(.text) refers to steer.o(.text) for SteerInit
    init.o(.text) refers to ultrasonic_avoid.o(.text) for UltrasonicInit
    model_select.o(.text) refers to key.o(.text) for ReadKey
    model_select.o(.text) refers to delay.o(.text) for DelayMs
    model_select.o(.text) refers to buzzer.o(.text) for BuzzerSet
    model_select.o(.text) refers to led.o(.text) for D3Reset
    model_select.o(.text) refers to single_track.o(.text) for SingleTrack
    model_select.o(.text) refers to double_track.o(.text) for DoubleTrack
    model_select.o(.text) refers to run_maze.o(.text) for RunMaze
    motion.o(.text) refers to stm32f10x_rcc.o(.text) for RCC_APB1PeriphClockCmd
    motion.o(.text) refers to stm32f10x_gpio.o(.text) for GPIO_Init
    motion.o(.text) refers to stm32f10x_tim.o(.text) for TIM_TimeBaseInit
    motion.o(.text) refers to dflt_clz.o(x$fpl$dflt) for __aeabi_i2d
    motion.o(.text) refers to dmul.o(x$fpl$dmul) for __aeabi_dmul
    motion.o(.text) refers to daddsub_clz.o(x$fpl$drsb) for __aeabi_drsub
    motion.o(.text) refers to dfix.o(x$fpl$dfix) for __aeabi_d2iz
    motion.o(.text) refers to delay.o(.text) for DelayMs
    track.o(.text) refers to stm32f10x_rcc.o(.text) for RCC_APB2PeriphClockCmd
[...]
    rtexit.o(.ARM.Collect$$rtexit$$00000000) refers (Special) to rtexit2.o(.ARM.Collect$$rtexit$$00000004) for __rt_exit_exit
    rtexit.o(.ARM.Collect$$rtexit$$00000000) refers (Special) to rtexit2.o(.ARM.Collect$$rtexit$$00000003) for __rt_exit_ls
    rtexit.o(.ARM.Collect$$rtexit$$00000000) refers (Special) to rtexit2.o(.ARM.Collect$$rtexit$$00000002) for __rt_exit_prels_1
    rtexit.o(.ARM.exidx) refers (Special) to rtexit2.o(.ARM.Collect$$rtexit$$00000004) for __rt_exit_exit
    rtexit.o(.ARM.exidx) refers (Special) to rtexit2.o(.ARM.Collect$$rtexit$$00000003) for __rt_exit_ls
    rtexit.o(.ARM.exidx) refers (Special) to rtexit2.o(.ARM.Collect$$rtexit$$00000002) for __rt_exit_prels_1
    rtexit.o(.ARM.exidx) refers to rtexit.o(.ARM.Collect$$rtexit$$00000000) for .ARM.Collect$$rtexit$$00000000
    libinit2.o(.ARM.Collect$$libinit$$00000010) refers to libinit2.o(.ARM.Collect$$libinit$$0000000F) for .ARM.Collect$$libinit$$0000000F
    libinit2.o(.ARM.Collect$$libinit$$00000012) refers to libinit2.o(.ARM.Collect$$libinit$$0000000F) for .ARM.Collect$$libinit$$0000000F
    libinit2.o(.ARM.Collect$$libinit$$00000014) refers to libinit2.o(.ARM.Collect$$libinit$$0000000F) for .ARM.Collect$$libinit$$0000000F
    libinit2.o(.ARM.Collect$$libinit$$00000016) refers to libinit2.o(.ARM.Collect$$libinit$$0000000F) for .ARM.Collect$$libinit$$0000000F
    libinit2.o(.ARM.Collect$$libinit$$00000018) refers to libinit2.o(.ARM.Collect$$libinit$$0000000F) for .ARM.Collect$$libinit$$0000000F
    libinit2.o(.ARM.Collect$$libinit$$00000026) refers to argv_veneer.o(.emb_text) for __ARM_argv_veneer
    libinit2.o(.ARM.Collect$$libinit$$00000027) refers to argv_veneer.o(.emb_text) for __ARM_argv_veneer
    rtexit2.o(.ARM.Collect$$rtexit$$00000003) refers to libshutdown.o(.ARM.Collect$$libshutdown$$00000000) for __rt_lib_shutdown
    rtexit2.o(.ARM.Collect$$rtexit$$00000004) refers to usart.o(.text) for _sys_exit
    rtexit2.o(.ARM.exidx) refers to rtexit2.o(.ARM.Collect$$rtexit$$00000001) for .ARM.Collect$$rtexit$$00000001
    rtexit2.o(.ARM.exidx) refers to rtexit2.o(.ARM.Collect$$rtexit$$00000003) for .ARM.Collect$$rtexit$$00000003
    rtexit2.o(.ARM.exidx) refers to rtexit2.o(.ARM.Collect$$rtexit$$00000004) for .ARM.Collect$$rtexit$$00000004
    argv_veneer.o(.emb_text) refers to no_argv.o(.text) for __ARM_get_argv
    _get_argv_nomalloc.o(.text) refers (Special) to hrguard.o(.text) for __heap_region$guard
    _get_argv_nomalloc.o(.text) refers to defsig_rtmem_outer.o(.text) for __rt_SIGRTMEM
    _get_argv_nomalloc.o(.text) refers to sys_command.o(.text) for _sys_command_string
    libshutdown.o(.ARM.Collect$$libshutdown$$00000000) refers (Special) to libshutdown2.o(.ARM.Collect$$libshutdown$$00000002) for __rt_lib_shutdown_cpp_1
    libshutdown.o(.ARM.Collect$$libshutdown$$00000000) refers (Special) to libshutdown2.o(.ARM.Collect$$libshutdown$$00000007) for __rt_lib_shutdown_fp_trap_1
    libshutdown.o(.ARM.Collect$$libshutdown$$00000000) refers (Special) to libshutdown2.o(.ARM.Collect$$libshutdown$$0000000F) for __rt_lib_shutdown_heap_1
    libshutdown.o(.ARM.Collect$$libshutdown$$00000000) refers (Special) to libshutdown2.o(.ARM.Collect$$libshutdown$$00000010) for __rt_lib_shutdown_return
    libshutdown.o(.ARM.Collect$$libshutdown$$00000000) refers (Special) to libshutdown2.o(.ARM.Collect$$libshutdown$$0000000A) for __rt_lib_shutdown_signal_1
    libshutdown.o(.ARM.Collect$$libshutdown$$00000000) refers (Special) to libshutdown2.o(.ARM.Collect$$libshutdown$$00000004) for __rt_lib_shutdown_stdio_1
    libshutdown.o(.ARM.Collect$$libshutdown$$00000000) refers (Special) to libshutdown2.o(.ARM.Collect$$libshutdown$$0000000C) for __rt_lib_shutdown_user_alloc_1
    sys_command.o(.text) refers (Special) to use_no_semi.o(.text) for __I$use$semihosting
    sys_command.o(.text) refers (Special) to indicate_semi.o(.text) for __semihosting_library_function
    defsig_rtmem_outer.o(.text) refers to defsig_rtmem_inner.o(.text) for __rt_SIGRTMEM_inner
    defsig_rtmem_outer.o(.text) refers to defsig_exit.o(.text) for __sig_exit
    defsig_rtmem_formal.o(.text) refers to rt_raise.o(.text) for __rt_raise
    rt_raise.o(.text) refers to __raise.o(.text) for __raise
    rt_raise.o(.text) refers to usart.o(.text) for _sys_exit
    defsig_exit.o(.text) refers to usart.o(.text) for _sys_exit
    defsig_rtmem_inner.o(.text) refers to defsig_general.o(.text) for __default_signal_display
    __raise.o(.text) refers to defsig.o(CL$$defsig) for __default_signal_handler
    defsig_general.o(.text) refers to sys_wrch.o(.text) for _ttywrch
    sys_wrch.o(.text) refers (Special) to use_no_semi.o(.text) for __I$use$semihosting
    sys_wrch.o(.text) refers (Special) to indicate_semi.o(.text) for __semihosting_library_function
    defsig.o(CL$$defsig) refers to defsig_rtmem_inner.o(.text) for __rt_SIGRTMEM_inner
    defsig_abrt_inner.o(.text) refers to defsig_general.o(.text) for __default_signal_display
    defsig_fpe_inner.o(.text) refers to defsig_general.o(.text) for __default_signal_display
    defsig_rtred_inner.o(.text) refers to defsig_general.o(.text) for __default_signal_display
    defsig_stak_inner.o(.text) refers to defsig_general.o(.text) for __default_signal_display
    defsig_pvfn_inner.o(.text) refers to defsig_general.o(.text) for __default_signal_display
    defsig_cppl_inner.o(.text) refers to defsig_general.o(.text) for __default_signal_display
    defsig_segv_inner.o(.text) refers to defsig_general.o(.text) for __default_signal_display
    defsig_other.o(.text) refers to defsig_general.o(.text) for __default_signal_display


==============================================================================

Removing Unused input sections from the image.

    Removing core_cm3.o(.emb_text), (32 bytes).
    Removing stm32f10x_adc.o(.text), (1102 bytes).
    Removing stm32f10x_bkp.o(.text), (196 bytes).
    Removing stm32f10x_can.o(.text), (2544 bytes).
    Removing stm32f10x_cec.o(.text), (288 bytes).
    Removing stm32f10x_crc.o(.text), (72 bytes).
    Removing stm32f10x_dac.o(.text), (396 bytes).
    Removing stm32f10x_dbgmcu.o(.text), (48 bytes).
    Removing stm32f10x_dma.o(.text), (596 bytes).
    Removing stm32f10x_flash.o(.text), (1468 bytes).
    Removing stm32f10x_fsmc.o(.text), (1548 bytes).
    Removing stm32f10x_i2c.o(.text), (1028 bytes).
    Removing stm32f10x_iwdg.o(.text), (64 bytes).
    Removing stm32f10x_pwr.o(.text), (204 bytes).
    Removing stm32f10x_rtc.o(.text), (328 bytes).
    Removing stm32f10x_sdio.o(.text), (468 bytes).
    Removing stm32f10x_spi.o(.text), (780 bytes).
    Removing stm32f10x_wwdg.o(.text), (136 bytes).
    Removing motion.o(.data), (6 bytes).
    Removing sys.o(.emb_text), (6 bytes).
    Removing sys.o(.text), (12 bytes).

21 unused section(s) (total 11322 bytes) removed from the image.

==============================================================================

Image Symbol Table

    Local Symbols

    Symbol Name                              Value     Ov Type        Size  Object(Section)

    ../clib/angel/boardlib.s                 0x00000000   Number         0  boardshut.o ABSOLUTE
    ../clib/angel/boardlib.s                 0x00000000   Number         0  boardinit1.o ABSOLUTE
    ../clib/angel/boardlib.s                 0x00000000   Number         0  boardinit2.o ABSOLUTE
    ../clib/angel/boardlib.s                 0x00000000   Number         0  boardinit3.o ABSOLUTE
    ../clib/angel/handlers.s                 0x00000000   Number         0  __scatter_zi.o ABSOLUTE
    ../clib/angel/handlers.s                 0x00000000   Number         0  __scatter_copy.o ABSOLUTE
    ../clib/angel/kernel.s                   0x00000000   Number         0  __rtentry.o ABSOLUTE
    ../clib/angel/kernel.s                   0x00000000   Number         0  __rtentry2.o ABSOLUTE
    ../clib/angel/kernel.s                   0x00000000   Number         0  __rtentry4.o ABSOLUTE
    ../clib/angel/kernel.s                   0x00000000   Number         0  rtexit.o ABSOLUTE
    ../clib/angel/kernel.s                   0x00000000   Number         0  rtexit2.o ABSOLUTE
    ../clib/angel/rt.s                       0x00000000   Number         0  rt_raise.o ABSOLUTE
    ../clib/angel/scatter.s                  0x00000000   Number         0  __scatter.o ABSOLUTE
    ../clib/angel/startup.s                  0x00000000   Number         0  __main.o ABSOLUTE
    ../clib/angel/sys.s                      0x00000000   Number         0  use_no_semi.o ABSOLUTE
    ../clib/angel/sys.s                      0x00000000   Number         0  use_no_semi_2.o ABSOLUTE
    ../clib/angel/sys.s                      0x00000000   Number         0  sys_stackheap_outer.o ABSOLUTE
    ../clib/angel/sys.s                      0x00000000   Number         0  libspace.o ABSOLUTE
    ../clib/angel/sys.s                      0x00000000   Number         0  indicate_semi.o ABSOLUTE
    ../clib/angel/sysapp.c                   0x00000000   Number         0  sys_command.o ABSOLUTE
    ../clib/angel/sysapp.c                   0x00000000   Number         0  sys_wrch.o ABSOLUTE
    ../clib/armsys.c                         0x00000000   Number         0  argv_veneer.o ABSOLUTE
    ../clib/armsys.c                         0x00000000   Number         0  argv_veneer.o ABSOLUTE
    ../clib/armsys.c                         0x00000000   Number         0  _get_argv_nomalloc.o ABSOLUTE
    ../clib/armsys.c                         0x00000000   Number         0  no_argv.o ABSOLUTE
    ../clib/heapalloc.c                      0x00000000   Number         0  hrguard.o ABSOLUTE
    ../clib/heapaux.c                        0x00000000   Number         0  heapauxi.o ABSOLUTE
    ../clib/libinit.s                        0x00000000   Number         0  libshutdown2.o ABSOLUTE
    ../clib/libinit.s                        0x00000000   Number         0  libshutdown.o ABSOLUTE
    ../clib/libinit.s                        0x00000000   Number         0  libinit2.o ABSOLUTE
    ../clib/libinit.s                        0x00000000   Number         0  libinit.o ABSOLUTE
    ../clib/signal.c                         0x00000000   Number         0  defsig_rtred_inner.o ABSOLUTE
    ../clib/signal.c                         0x00000000   Number         0  defsig_fpe_inner.o ABSOLUTE
    ../clib/signal.c                         0x00000000   Number         0  __raise.o ABSOLUTE
    ../clib/signal.c                         0x00000000   Number         0  defsig_rtmem_inner.o ABSOLUTE
    ../clib/signal.c                         0x00000000   Number         0  defsig_exit.o ABSOLUTE
    ../clib/signal.c                         0x00000000   Number         0  defsig_pvfn_inner.o ABSOLUTE
    ../clib/signal.c                         0x00000000   Number         0  defsig_other.o ABSOLUTE
    ../clib/signal.c                         0x00000000   Number         0  defsig_abrt_inner.o ABSOLUTE
    ../clib/signal.c                         0x00000000   Number         0  defsig_segv_inner.o ABSOLUTE
    ../clib/signal.c                         0x00000000   Number         0  defsig_cppl_inner.o ABSOLUTE
    ../clib/signal.c                         0x00000000   Number         0  defsig_stak_inner.o ABSOLUTE
    ../clib/signal.c                         0x00000000   Number         0  defsig_rtmem_formal.o ABSOLUTE
    ../clib/signal.c                         0x00000000   Number         0  defsig_rtmem_outer.o ABSOLUTE
    ../clib/signal.c                         0x00000000   Number         0  defsig_general.o ABSOLUTE
    ../clib/signal.s                         0x00000000   Number         0  defsig.o ABSOLUTE
    ../clib/stdlib.c                         0x00000000   Number         0  exit.o ABSOLUTE
    ../fplib/d2f.s                           0x00000000   Number         0  d2f.o ABSOLUTE
    ../fplib/daddsub.s                       0x00000000   Number         0  daddsub_clz.o ABSOLUTE
    ../fplib/ddiv.s                          0x00000000   Number         0  ddiv.o ABSOLUTE
    ../fplib/dfix.s                          0x00000000   Number         0  dfix.o ABSOLUTE
    ../fplib/dfixu.s                         0x00000000   Number         0  dfixu.o ABSOLUTE
    ../fplib/dflt.s                          0x00000000   Number         0  dflt_clz.o ABSOLUTE
    ../fplib/dmul.s                          0x00000000   Number         0  dmul.o ABSOLUTE
    ../fplib/dnaninf.s                       0x00000000   Number         0  dnaninf.o ABSOLUTE
    ../fplib/dretinf.s                       0x00000000   Number         0  dretinf.o ABSOLUTE
    ../fplib/f2d.s                           0x00000000   Number         0  f2d.o ABSOLUTE
    ../fplib/ffix.s                          0x00000000   Number         0  ffix.o ABSOLUTE
    ../fplib/ffixu.s                         0x00000000   Number         0  ffixu.o ABSOLUTE
    ../fplib/fflt.s                          0x00000000   Number         0  fflt_clz.o ABSOLUTE
    ../fplib/fmul.s                          0x00000000   Number         0  fmul.o ABSOLUTE
    ../fplib/fnaninf.s                       0x00000000   Number         0  fnaninf.o ABSOLUTE
    ../fplib/fpinit.s                        0x00000000   Number         0  fpinit.o ABSOLUTE
    ../fplib/fretinf.s                       0x00000000   Number         0  fretinf.o ABSOLUTE
    ../fplib/usenofp.s                       0x00000000   Number         0  usenofp.o ABSOLUTE
    ..\CORE\core_cm3.c                       0x00000000   Number         0  core_cm3.o ABSOLUTE
    ..\CORE\startup_stm32f10x_hd.s           0x00000000   Number         0  startup_stm32f10x_hd.o ABSOLUTE
    ..\STM32F10x_FWLib\src\misc.c            0x00000000   Number         0  misc.o ABSOLUTE
    ..\STM32F10x_FWLib\src\stm32f10x_adc.c   0x00000000   Number         0  stm32f10x_adc.o ABSOLUTE
    ..\STM32F10x_FWLib\src\stm32f10x_bkp.c   0x00000000   Number         0  stm32f10x_bkp.o ABSOLUTE
    ..\STM32F10x_FWLib\src\stm32f10x_can.c   0x00000000   Number         0  stm32f10x_can.o ABSOLUTE
    ..\STM32F10x_FWLib\src\stm32f10x_cec.c   0x00000000   Number         0  stm32f10x_cec.o ABSOLUTE
    ..\STM32F10x_FWLib\src\stm32f10x_crc.c   0x00000000   Number         0  stm32f10x_crc.o ABSOLUTE
    ..\STM32F10x_FWLib\src\stm32f10x_dac.c   0x00000000   Number         0  stm32f10x_dac.o ABSOLUTE
    ..\STM32F10x_FWLib\src\stm32f10x_dbgmcu.c 0x00000000   Number         0  stm32f10x_dbgmcu.o ABSOLUTE
    ..\STM32F10x_FWLib\src\stm32f10x_dma.c   0x00000000   Number         0  stm32f10x_dma.o ABSOLUTE
    ..\STM32F10x_FWLib\src\stm32f10x_exti.c  0x00000000   Number         0  stm32f10x_exti.o ABSOLUTE
    ..\STM32F10x_FWLib\src\stm32f10x_flash.c 0x00000000   Number         0  stm32f10x_flash.o ABSOLUTE
    ..\STM32F10x_FWLib\src\stm32f10x_fsmc.c  0x00000000   Number         0  stm32f10x_fsmc.o ABSOLUTE
    ..\STM32F10x_FWLib\src\stm32f10x_gpio.c  0x00000000   Number         0  stm32f10x_gpio.o ABSOLUTE
    ..\STM32F10x_FWLib\src\stm32f10x_i2c.c   0x00000000   Number         0  stm32f10x_i2c.o ABSOLUTE
    ..\STM32F10x_FWLib\src\stm32f10x_iwdg.c  0x00000000   Number         0  stm32f10x_iwdg.o ABSOLUTE
    ..\STM32F10x_FWLib\src\stm32f10x_pwr.c   0x00000000   Number         0  stm32f10x_pwr.o ABSOLUTE
    ..\STM32F10x_FWLib\src\stm32f10x_rcc.c   0x00000000   Number         0  stm32f10x_rcc.o ABSOLUTE
    ..\STM32F10x_FWLib\src\stm32f10x_rtc.c   0x00000000   Number         0  stm32f10x_rtc.o ABSOLUTE
    ..\STM32F10x_FWLib\src\stm32f10x_sdio.c  0x00000000   Number         0  stm32f10x_sdio.o ABSOLUTE
    ..\STM32F10x_FWLib\src\stm32f10x_spi.c   0x00000000   Number         0  stm32f10x_spi.o ABSOLUTE
    ..\STM32F10x_FWLib\src\stm32f10x_tim.c   0x00000000   Number         0  stm32f10x_tim.o ABSOLUTE
    ..\STM32F10x_FWLib\src\stm32f10x_usart.c 0x00000000   Number         0  stm32f10x_usart.o ABSOLUTE
    ..\STM32F10x_FWLib\src\stm32f10x_wwdg.c  0x00000000   Number         0  stm32f10x_wwdg.o ABSOLUTE
    ..\SYSTEM\AppLayer\Init\init.c           0x00000000   Number         0  init.o ABSOLUTE
    ..\SYSTEM\AppLayer\ModeSelect\model_select.c 0x00000000   Number         0  model_select.o ABSOLUTE
    ..\SYSTEM\Common\delay.c                 0x00000000   Number         0  delay.o ABSOLUTE
    ..\SYSTEM\Common\sys.c                   0x00000000   Number         0  sys.o ABSOLUTE
    ..\SYSTEM\Common\timer.c                 0x00000000   Number         0  timer.o ABSOLUTE
    ..\SYSTEM\Common\usart.c                 0x00000000   Number         0  usart.o ABSOLUTE
    ..\SYSTEM\DriveLayer\Buzzer\buzzer.c     0x00000000   Number         0  buzzer.o ABSOLUTE
    ..\SYSTEM\DriveLayer\Key\key.c           0x00000000   Number         0  key.o ABSOLUTE
    ..\SYSTEM\DriveLayer\Led\led.c           0x00000000   Number         0  led.o ABSOLUTE
    ..\SYSTEM\DriveLayer\Motion\motion.c     0x00000000   Number         0  motion.o ABSOLUTE
    ..\SYSTEM\DriveLayer\Steer\steer.c       0x00000000   Number         0  steer.o ABSOLUTE
    ..\SYSTEM\DriveLayer\Track\track.c       0x00000000   Number         0  track.o ABSOLUTE
    ..\SYSTEM\DriveLayer\UltrasonicAvoid\ultrasonic_avoid.c 0x00000000   Number         0  ultrasonic_avoid.o ABSOLUTE
    ..\SYSTEM\LogicLayer\DoubleTrack\double_track.c 0x00000000   Number         0  double_track.o ABSOLUTE
    ..\SYSTEM\LogicLayer\RunMaze\run_maze.c  0x00000000   Number         0  run_maze.o ABSOLUTE
    ..\SYSTEM\LogicLayer\SingleTrack\single_track.c 0x00000000   Number         0  single_track.o ABSOLUTE
    ..\\CORE\\core_cm3.c                     0x00000000   Number         0  core_cm3.o ABSOLUTE
    ..\\SYSTEM\\Common\\sys.c                0x00000000   Number         0  sys.o ABSOLUTE
    dc.s                                     0x00000000   Number         0  dc.o ABSOLUTE
    main.c                                   0x00000000   Number         0  main.o ABSOLUTE
    stm32f10x_it.c                           0x00000000   Number         0  stm32f10x_it.o ABSOLUTE
    system_stm32f10x.c                       0x00000000   Number         0  system_stm32f10x.o ABSOLUTE
    RESET                                    0x08000000   Section      304  startup_stm32f10x_hd.o(RESET)
    !!!main                                  0x08000130   Section        8  __main.o(!!!main)
    !!!scatter                               0x08000138   Section       52  __scatter.o(!!!scatter)
    !!handler_copy                           0x0800016c   Section       26  __scatter_copy.o(!!handler_copy)
    !!handler_zi                             0x08000188   Section       28  __scatter_zi.o(!!handler_zi)
    .ARM.Collect$$libinit$$00000000          0x080001a4   Section        2  libinit.o(.ARM.Collect$$libinit$$00000000)
    .ARM.Collect$$libinit$$00000002          0x080001a6   Section        0  libinit2.o(.ARM.Collect$$libinit$$00000002)
    .ARM.Collect$$libinit$$00000004          0x080001a6   Section        0  libinit2.o(.ARM.Collect$$libinit$$00000004)
    .ARM.Collect$$libinit$$0000000A          0x080001a6   Section        0  libinit2.o(.ARM.Collect$$libinit$$0000000A)
    .ARM.Collect$$libinit$$0000000C          0x080001a6   Section        0  libinit2.o(.ARM.Collect$$libinit$$0000000C)
    .ARM.Collect$$libinit$$0000000E          0x080001a6   Section        0  libinit2.o(.ARM.Collect$$libinit$$0000000E)
    .ARM.Collect$$libinit$$00000011          0x080001a6   Section        0  libinit2.o(.ARM.Collect$$libinit$$00000011)
    .ARM.Collect$$libinit$$00000013          0x080001a6   Section        0  libinit2.o(.ARM.Collect$$libinit$$00000013)
    .ARM.Collect$$libinit$$00000015          0x080001a6   Section        0  libinit2.o(.ARM.Collect$$libinit$$00000015)
    .ARM.Collect$$libinit$$00000017          0x080001a6   Section        0  libinit2.o(.ARM.Collect$$libinit$$00000017)
    .ARM.Collect$$libinit$$00000019          0x080001a6   Section        0  libinit2.o(.ARM.Collect$$libinit$$00000019)
    .ARM.Collect$$libinit$$0000001B          0x080001a6   Section        0  libinit2.o(.ARM.Collect$$libinit$$0000001B)
    .ARM.Collect$$libinit$$0000001D          0x080001a6   Section        0  libinit2.o(.ARM.Collect$$libinit$$0000001D)
    .ARM.Collect$$libinit$$0000001F          0x080001a6   Section        0  libinit2.o(.ARM.Collect$$libinit$$0000001F)
    .ARM.Collect$$libinit$$00000021          0x080001a6   Section        0  libinit2.o(.ARM.Collect$$libinit$$00000021)
    .ARM.Collect$$libinit$$00000023          0x080001a6   Section        0  libinit2.o(.ARM.Collect$$libinit$$00000023)
    .ARM.Collect$$libinit$$00000025          0x080001a6   Section        0  libinit2.o(.ARM.Collect$$libinit$$00000025)
    .ARM.Collect$$libinit$$0000002C          0x080001a6   Section        0  libinit2.o(.ARM.Collect$$libinit$$0000002C)
    .ARM.Collect$$libinit$$0000002E          0x080001a6   Section        0  libinit2.o(.ARM.Collect$$libinit$$0000002E)
    .ARM.Collect$$libinit$$00000030          0x080001a6   Section        0  libinit2.o(.ARM.Collect$$libinit$$00000030)
    .ARM.Collect$$libinit$$00000032          0x080001a6   Section        0  libinit2.o(.ARM.Collect$$libinit$$00000032)
    .ARM.Collect$$libinit$$00000033          0x080001a6   Section        2  libinit2.o(.ARM.Collect$$libinit$$00000033)
    .ARM.Collect$$libshutdown$$00000000      0x080001a8   Section        2  libshutdown.o(.ARM.Collect$$libshutdown$$00000000)
    .ARM.Collect$$libshutdown$$00000002      0x080001aa   Section        0  libshutdown2.o(.ARM.Collect$$libshutdown$$00000002)
    .ARM.Collect$$libshutdown$$00000004      0x080001aa   Section        0  libshutdown2.o(.ARM.Collect$$libshutdown$$00000004)
    .ARM.Collect$$libshutdown$$00000007      0x080001aa   Section        0  libshutdown2.o(.ARM.Collect$$libshutdown$$00000007)
    .ARM.Collect$$libshutdown$$0000000A      0x080001aa   Section        0  libshutdown2.o(.ARM.Collect$$libshutdown$$0000000A)
    .ARM.Collect$$libshutdown$$0000000C      0x080001aa   Section        0  libshutdown2.o(.ARM.Collect$$libshutdown$$0000000C)
    .ARM.Collect$$libshutdown$$0000000F      0x080001aa   Section        0  libshutdown2.o(.ARM.Collect$$libshutdown$$0000000F)
    .ARM.Collect$$libshutdown$$00000010      0x080001aa   Section        2  libshutdown2.o(.ARM.Collect$$libshutdown$$00000010)
    .ARM.Collect$$rtentry$$00000000          0x080001ac   Section        0  __rtentry.o(.ARM.Collect$$rtentry$$00000000)
    .ARM.Collect$$rtentry$$00000002          0x080001ac   Section        0  __rtentry2.o(.ARM.Collect$$rtentry$$00000002)
    .ARM.Collect$$rtentry$$00000004          0x080001ac   Section        6  __rtentry4.o(.ARM.Collect$$rtentry$$00000004)
    .ARM.Collect$$rtentry$$00000009          0x080001b2   Section        0  __rtentry2.o(.ARM.Collect$$rtentry$$00000009)
    .ARM.Collect$$rtentry$$0000000A          0x080001b2   Section        4  __rtentry2.o(.ARM.Collect$$rtentry$$0000000A)
    .ARM.Collect$$rtentry$$0000000C          0x080001b6   Section        0  __rtentry2.o(.ARM.Collect$$rtentry$$0000000C)
    .ARM.Collect$$rtentry$$0000000D          0x080001b6   Section        8  __rtentry2.o(.ARM.Collect$$rtentry$$0000000D)
    .ARM.Collect$$rtexit$$00000000           0x080001be   Section        2  rtexit.o(.ARM.Collect$$rtexit$$00000000)
    .ARM.Collect$$rtexit$$00000002           0x080001c0   Section        0  rtexit2.o(.ARM.Collect$$rtexit$$00000002)
    .ARM.Collect$$rtexit$$00000003           0x080001c0   Section        4  rtexit2.o(.ARM.Collect$$rtexit$$00000003)
    .ARM.Collect$$rtexit$$00000004           0x080001c4   Section        6  rtexit2.o(.ARM.Collect$$rtexit$$00000004)
    .text                                    0x080001ca   Section        0  main.o(.text)
    .text                                    0x080001dc   Section        0  stm32f10x_it.o(.text)
    .text                                    0x080001f8   Section        0  system_stm32f10x.o(.text)
    SetSysClockTo72                          0x080001f9   Thumb Code   214  system_stm32f10x.o(.text)
    SetSysClock                              0x080002cf   Thumb Code     8  system_stm32f10x.o(.text)
    .text                                    0x080003d8   Section       64  startup_stm32f10x_hd.o(.text)
    .text                                    0x08000418   Section        0  misc.o(.text)
    .text                                    0x080004f4   Section        0  stm32f10x_exti.o(.text)
    .text                                    0x08000610   Section        0  stm32f10x_gpio.o(.text)
    .text                                    0x0800096c   Section        0  stm32f10x_rcc.o(.text)
    .text                                    0x08000d10   Section        0  stm32f10x_tim.o(.text)
    TI4_Config                               0x080011b7   Thumb Code   130  stm32f10x_tim.o(.text)
    TI3_Config                               0x0800124b   Thumb Code   122  stm32f10x_tim.o(.text)
    TI2_Config                               0x080012df   Thumb Code   130  stm32f10x_tim.o(.text)
    TI1_Config                               0x08001373   Thumb Code   108  stm32f10x_tim.o(.text)
    .text                                    0x08001b2c   Section        0  stm32f10x_usart.o(.text)
    .text                                    0x08001f34   Section        0  buzzer.o(.text)
    .text                                    0x08001f78   Section        0  led.o(.text)
    .text                                    0x08001ff0   Section        0  key.o(.text)
    .text                                    0x08002020   Section        0  init.o(.text)
    .text                                    0x0800206c   Section        0  model_select.o(.text)
    .text                                    0x08002188   Section        0  motion.o(.text)
    .text                                    0x08002428   Section        0  track.o(.text)
    .text                                    0x08002470   Section        0  delay.o(.text)
    .text                                    0x08002544   Section        0  single_track.o(.text)
    .text                                    0x080025f8   Section        0  double_track.o(.text)
    .text                                    0x080026ac   Section        0  timer.o(.text)
    .text                                    0x08002720   Section        0  usart.o(.text)
    .text                                    0x08002860   Section        0  steer.o(.text)
    .text                                    0x08002958   Section        0  ultrasonic_avoid.o(.text)
    .text                                    0x08002a84   Section        0  run_maze.o(.text)
    .text                                    0x08002b54   Section        2  use_no_semi_2.o(.text)
    .text                                    0x08002b56   Section        0  heapauxi.o(.text)
    .text                                    0x08002b5c   Section        2  use_no_semi.o(.text)
    .text                                    0x08002b5e   Section       74  sys_stackheap_outer.o(.text)
    .text                                    0x08002ba8   Section        0  exit.o(.text)
    .text                                    0x08002bbc   Section        8  libspace.o(.text)
    x$fpl$d2f                                0x08002bc4   Section       98  d2f.o(x$fpl$d2f)
    x$fpl$dadd                               0x08002c28   Section      336  daddsub_clz.o(x$fpl$dadd)
    _dadd1                                   0x08002c39   Thumb Code     0  daddsub_clz.o(x$fpl$dadd)
    x$fpl$ddiv                               0x08002d78   Section      688  ddiv.o(x$fpl$ddiv)
    ddiv_entry                               0x08002d7f   Thumb Code     0  ddiv.o(x$fpl$ddiv)
    x$fpl$dfix                               0x08003028   Section       94  dfix.o(x$fpl$dfix)
    x$fpl$dfixu                              0x08003088   Section       90  dfixu.o(x$fpl$dfixu)
    x$fpl$dflt                               0x080030e2   Section       46  dflt_clz.o(x$fpl$dflt)
    x$fpl$dmul                               0x08003110   Section      340  dmul.o(x$fpl$dmul)
    x$fpl$dnaninf                            0x08003264   Section      156  dnaninf.o(x$fpl$dnaninf)
    x$fpl$dretinf                            0x08003300   Section       12  dretinf.o(x$fpl$dretinf)
    x$fpl$drsb                               0x0800330c   Section       22  daddsub_clz.o(x$fpl$drsb)
    x$fpl$dsub                               0x08003324   Section      468  daddsub_clz.o(x$fpl$dsub)
    _dsub1                                   0x08003335   Thumb Code     0  daddsub_clz.o(x$fpl$dsub)
    x$fpl$f2d                                0x080034f8   Section       86  f2d.o(x$fpl$f2d)
    x$fpl$ffix                               0x08003550   Section       54  ffix.o(x$fpl$ffix)
    x$fpl$ffixu                              0x08003588   Section       62  ffixu.o(x$fpl$ffixu)
    x$fpl$ffltu                              0x080035c8   Section       38  fflt_clz.o(x$fpl$ffltu)
    x$fpl$fmul                               0x080035f0   Section      258  fmul.o(x$fpl$fmul)
    x$fpl$fnaninf                            0x080036f2   Section      140  fnaninf.o(x$fpl$fnaninf)
    x$fpl$fretinf                            0x0800377e   Section       10  fretinf.o(x$fpl$fretinf)
    x$fpl$usenofp                            0x08003788   Section        0  usenofp.o(x$fpl$usenofp)
    .data                                    0x20000000   Section       20  system_stm32f10x.o(.data)
    .data                                    0x20000014   Section       20  stm32f10x_rcc.o(.data)
    APBAHBPrescTable                         0x20000014   Data          16  stm32f10x_rcc.o(.data)
    ADCPrescTable                            0x20000024   Data           4  stm32f10x_rcc.o(.data)
    .data                                    0x20000028   Section        4  delay.o(.data)
    fac_us                                   0x20000028   Data           1  delay.o(.data)
    fac_ms                                   0x2000002a   Data           2  delay.o(.data)
    .data                                    0x2000002c   Section        6  usart.o(.data)
    .data                                    0x20000034   Section        4  ultrasonic_avoid.o(.data)
    .bss                                     0x20000038   Section      200  usart.o(.bss)
    .bss                                     0x20000100   Section       96  libspace.o(.bss)
    HEAP                                     0x20000160   Section      512  startup_stm32f10x_hd.o(HEAP)
    Heap_Mem                                 0x20000160   Data         512  startup_stm32f10x_hd.o(HEAP)
    STACK                                    0x20000360   Section     1024  startup_stm32f10x_hd.o(STACK)
    Stack_Mem                                0x20000360   Data        1024  startup_stm32f10x_hd.o(STACK)
    __initial_sp                             0x20000760   Data           0  startup_stm32f10x_hd.o(STACK)

    Global Symbols

    Symbol Name                              Value     Ov Type        Size  Object(Section)

    BuildAttributes$$THM_ISAv4$P$D$K$B$S$PE$A:L22UL41UL21$X:L11$S22US41US21$IEEE1$IW$USESV6$~STKCKD$USESV7$~SHL$OSPACE$ROPI$EBA8$UX$STANDARDLIB$REQ8$PRES8$EABIv2 0x00000000   Number         0  anon$$obj.o ABSOLUTE
    __ARM_use_no_argv                        0x00000000   Number         0  main.o ABSOLUTE
    __ARM_exceptions_init                     - Undefined Weak Reference
    __alloca_initialize                       - Undefined Weak Reference
    __arm_preinit_                            - Undefined Weak Reference
    __cpp_initialize__aeabi_                  - Undefined Weak Reference
    __cxa_finalize                            - Undefined Weak Reference
    __rt_locale                               - Undefined Weak Reference
    __sigvec_lookup                           - Undefined Weak Reference
    _atexit_init                              - Undefined Weak Reference
    _call_atexit_fns                          - Undefined Weak Reference
    _clock_init                               - Undefined Weak Reference
    _fp_trap_init                             - Undefined Weak Reference
    _fp_trap_shutdown                         - Undefined Weak Reference
    _get_lc_collate                           - Undefined Weak Reference
    _get_lc_ctype                             - Undefined Weak Reference
    _get_lc_monetary                          - Undefined Weak Reference
    _get_lc_numeric                           - Undefined Weak Reference
    _get_lc_time                              - Undefined Weak Reference
    _getenv_init                              - Undefined Weak Reference
    _handle_redirection                       - Undefined Weak Reference
    _init_alloc                               - Undefined Weak Reference
    _init_user_alloc                          - Undefined Weak Reference
    _initio                                   - Undefined Weak Reference
    _rand_init                                - Undefined Weak Reference
    _signal_finish                            - Undefined Weak Reference
    _signal_init                              - Undefined Weak Reference
    _terminate_alloc                          - Undefined Weak Reference
    _terminate_user_alloc                     - Undefined Weak Reference
    _terminateio                              - Undefined Weak Reference
    __Vectors_Size                           0x00000130   Number         0  startup_stm32f10x_hd.o ABSOLUTE
    __Vectors                                0x08000000   Data           4  startup_stm32f10x_hd.o(RESET)
    __Vectors_End                            0x08000130   Data           0  startup_stm32f10x_hd.o(RESET)
    __main                                   0x08000131   Thumb Code     8  __main.o(!!!main)
    __scatterload                            0x08000139   Thumb Code     0  __scatter.o(!!!scatter)
    __scatterload_rt2                        0x08000139   Thumb Code    44  __scatter.o(!!!scatter)
    __scatterload_rt2_thumb_only             0x08000139   Thumb Code     0  __scatter.o(!!!scatter)
    __scatterload_null                       0x08000147   Thumb Code     0  __scatter.o(!!!scatter)
    __scatterload_copy                       0x0800016d   Thumb Code    26  __scatter_copy.o(!!handler_copy)
    __scatterload_zeroinit                   0x08000189   Thumb Code    28  __scatter_zi.o(!!handler_zi)
    __rt_lib_init                            0x080001a5   Thumb Code     0  libinit.o(.ARM.Collect$$libinit$$00000000)
    __rt_lib_init_alloca_1                   0x080001a7   Thumb Code     0  libinit2.o(.ARM.Collect$$libinit$$0000002E)
    __rt_lib_init_argv_1                     0x080001a7   Thumb Code     0  libinit2.o(.ARM.Collect$$libinit$$0000002C)
    __rt_lib_init_atexit_1                   0x080001a7   Thumb Code     0  libinit2.o(.ARM.Collect$$libinit$$0000001B)
    __rt_lib_init_clock_1                    0x080001a7   Thumb Code     0  libinit2.o(.ARM.Collect$$libinit$$00000021)
    __rt_lib_init_cpp_1                      0x080001a7   Thumb Code     0  libinit2.o(.ARM.Collect$$libinit$$00000032)
    __rt_lib_init_exceptions_1               0x080001a7   Thumb Code     0  libinit2.o(.ARM.Collect$$libinit$$00000030)
    __rt_lib_init_fp_1                       0x080001a7   Thumb Code     0  libinit2.o(.ARM.Collect$$libinit$$00000002)
    __rt_lib_init_fp_trap_1                  0x080001a7   Thumb Code     0  libinit2.o(.ARM.Collect$$libinit$$0000001F)
    __rt_lib_init_getenv_1                   0x080001a7   Thumb Code     0  libinit2.o(.ARM.Collect$$libinit$$00000023)
    __rt_lib_init_heap_1                     0x080001a7   Thumb Code     0  libinit2.o(.ARM.Collect$$libinit$$0000000A)
    __rt_lib_init_lc_collate_1               0x080001a7   Thumb Code     0  libinit2.o(.ARM.Collect$$libinit$$00000011)
    __rt_lib_init_lc_ctype_1                 0x080001a7   Thumb Code     0  libinit2.o(.ARM.Collect$$libinit$$00000013)
    __rt_lib_init_lc_monetary_1              0x080001a7   Thumb Code     0  libinit2.o(.ARM.Collect$$libinit$$00000015)
    __rt_lib_init_lc_numeric_1               0x080001a7   Thumb Code     0  libinit2.o(.ARM.Collect$$libinit$$00000017)
    __rt_lib_init_lc_time_1                  0x080001a7   Thumb Code     0  libinit2.o(.ARM.Collect$$libinit$$00000019)
    __rt_lib_init_preinit_1                  0x080001a7   Thumb Code     0  libinit2.o(.ARM.Collect$$libinit$$00000004)
    __rt_lib_init_rand_1                     0x080001a7   Thumb Code     0  libinit2.o(.ARM.Collect$$libinit$$0000000E)
    __rt_lib_init_return                     0x080001a7   Thumb Code     0  libinit2.o(.ARM.Collect$$libinit$$00000033)
    __rt_lib_init_signal_1                   0x080001a7   Thumb Code     0  libinit2.o(.ARM.Collect$$libinit$$0000001D)
    __rt_lib_init_stdio_1                    0x080001a7   Thumb Code     0  libinit2.o(.ARM.Collect$$libinit$$00000025)
    __rt_lib_init_user_alloc_1               0x080001a7   Thumb Code     0  libinit2.o(.ARM.Collect$$libinit$$0000000C)
    __rt_lib_shutdown                        0x080001a9   Thumb Code     0  libshutdown.o(.ARM.Collect$$libshutdown$$00000000)
    __rt_lib_shutdown_cpp_1                  0x080001ab   Thumb Code     0  libshutdown2.o(.ARM.Collect$$libshutdown$$00000002)
    __rt_lib_shutdown_fp_trap_1              0x080001ab   Thumb Code     0  libshutdown2.o(.ARM.Collect$$libshutdown$$00000007)
    __rt_lib_shutdown_heap_1                 0x080001ab   Thumb Code     0  libshutdown2.o(.ARM.Collect$$libshutdown$$0000000F)
    __rt_lib_shutdown_return                 0x080001ab   Thumb Code     0  libshutdown2.o(.ARM.Collect$$libshutdown$$00000010)
    __rt_lib_shutdown_signal_1               0x080001ab   Thumb Code     0  libshutdown2.o(.ARM.Collect$$libshutdown$$0000000A)
    __rt_lib_shutdown_stdio_1                0x080001ab   Thumb Code     0  libshutdown2.o(.ARM.Collect$$libshutdown$$00000004)
    __rt_lib_shutdown_user_alloc_1           0x080001ab   Thumb Code     0  libshutdown2.o(.ARM.Collect$$libshutdown$$0000000C)
    __rt_entry                               0x080001ad   Thumb Code     0  __rtentry.o(.ARM.Collect$$rtentry$$00000000)
    __rt_entry_presh_1                       0x080001ad   Thumb Code     0  __rtentry2.o(.ARM.Collect$$rtentry$$00000002)
    __rt_entry_sh                            0x080001ad   Thumb Code     0  __rtentry4.o(.ARM.Collect$$rtentry$$00000004)
    __rt_entry_li                            0x080001b3   Thumb Code     0  __rtentry2.o(.ARM.Collect$$rtentry$$0000000A)
    __rt_entry_postsh_1                      0x080001b3   Thumb Code     0  __rtentry2.o(.ARM.Collect$$rtentry$$00000009)
    __rt_entry_main                          0x080001b7   Thumb Code     0  __rtentry2.o(.ARM.Collect$$rtentry$$0000000D)
    __rt_entry_postli_1                      0x080001b7   Thumb Code     0  __rtentry2.o(.ARM.Collect$$rtentry$$0000000C)
    __rt_exit                                0x080001bf   Thumb Code     0  rtexit.o(.ARM.Collect$$rtexit$$00000000)
    __rt_exit_ls                             0x080001c1   Thumb Code     0  rtexit2.o(.ARM.Collect$$rtexit$$00000003)
    __rt_exit_prels_1                        0x080001c1   Thumb Code     0  rtexit2.o(.ARM.Collect$$rtexit$$00000002)
    __rt_exit_exit                           0x080001c5   Thumb Code     0  rtexit2.o(.ARM.Collect$$rtexit$$00000004)
    main                                     0x080001cb   Thumb Code    18  main.o(.text)
    NMI_Handler                              0x080001dd   Thumb Code     2  stm32f10x_it.o(.text)
    HardFault_Handler                        0x080001df   Thumb Code     4  stm32f10x_it.o(.text)
    MemManage_Handler                        0x080001e3   Thumb Code     4  stm32f10x_it.o(.text)
    BusFault_Handler                         0x080001e7   Thumb Code     4  stm32f10x_it.o(.text)
    UsageFault_Handler                       0x080001eb   Thumb Code     4  stm32f10x_it.o(.text)
    SVC_Handler                              0x080001ef   Thumb Code     2  stm32f10x_it.o(.text)
    DebugMon_Handler                         0x080001f1   Thumb Code     2  stm32f10x_it.o(.text)
    PendSV_Handler                           0x080001f3   Thumb Code     2  stm32f10x_it.o(.text)
    SysTick_Handler                          0x080001f5   Thumb Code     2  stm32f10x_it.o(.text)
    SystemInit                               0x080002d7   Thumb Code    78  system_stm32f10x.o(.text)
    SystemCoreClockUpdate                    0x08000325   Thumb Code   142  system_stm32f10x.o(.text)
    Reset_Handler                            0x080003d9   Thumb Code     8  startup_stm32f10x_hd.o(.text)
    ADC1_2_IRQHandler                        0x080003f3   Thumb Code     0  startup_stm32f10x_hd.o(.text)
    ADC3_IRQHandler                          0x080003f3   Thumb Code     0  startup_stm32f10x_hd.o(.text)
    CAN1_RX1_IRQHandler                      0x080003f3   Thumb Code     0  startup_stm32f10x_hd.o(.text)
    CAN1_SCE_IRQHandler                      0x080003f3   Thumb Code     0  startup_stm32f10x_hd.o(.text)
    DMA1_Channel1_IRQHandler                 0x080003f3   Thumb Code     0  startup_stm32f10x_hd.o(.text)
    DMA1_Channel2_IRQHandler                 0x080003f3   Thumb Code     0  startup_stm32f10x_hd.o(.text)
    DMA1_Channel3_IRQHandler                 0x080003f3   Thumb Code     0  startup_stm32f10x_hd.o(.text)
    DMA1_Channel4_IRQHandler                 0x080003f3   Thumb Code     0  startup_stm32f10x_hd.o(.text)
    DMA1_Channel5_IRQHandler                 0x080003f3   Thumb Code     0  startup_stm32f10x_hd.o(.text)
    DMA1_Channel6_IRQHandler                 0x080003f3   Thumb Code     0  startup_stm32f10x_hd.o(.text)
    DMA1_Channel7_IRQHandler                 0x080003f3   Thumb Code     0  startup_stm32f10x_hd.o(.text)
    DMA2_Channel1_IRQHandler                 0x080003f3   Thumb Code     0  startup_stm32f10x_hd.o(.text)
    DMA2_Channel2_IRQHandler                 0x080003f3   Thumb Code     0  startup_stm32f10x_hd.o(.text)
    DMA2_Channel3_IRQHandler                 0x080003f3   Thumb Code     0  startup_stm32f10x_hd.o(.text)
    DMA2_Channel4_5_IRQHandler               0x080003f3   Thumb Code     0  startup_stm32f10x_hd.o(.text)
    EXTI0_IRQHandler                         0x080003f3   Thumb Code     0  startup_stm32f10x_hd.o(.text)
    EXTI15_10_IRQHandler                     0x080003f3   Thumb Code     0  startup_stm32f10x_hd.o(.text)
    EXTI2_IRQHandler                         0x080003f3   Thumb Code     0  startup_stm32f10x_hd.o(.text)
    EXTI3_IRQHandler                         0x080003f3   Thumb Code     0  startup_stm32f10x_hd.o(.text)
    EXTI4_IRQHandler                         0x080003f3   Thumb Code     0  startup_stm32f10x_hd.o(.text)
    EXTI9_5_IRQHandler                       0x080003f3   Thumb Code     0  startup_stm32f10x_hd.o(.text)
    FLASH_IRQHandler                         0x080003f3   Thumb Code     0  startup_stm32f10x_hd.o(.text)
    FSMC_IRQHandler                          0x080003f3   Thumb Code     0  startup_stm32f10x_hd.o(.text)
    I2C1_ER_IRQHandler                       0x080003f3   Thumb Code     0  startup_stm32f10x_hd.o(.text)
    I2C1_EV_IRQHandler                       0x080003f3   Thumb Code     0  startup_stm32f10x_hd.o(.text)
    I2C2_ER_IRQHandler                       0x080003f3   Thumb Code     0  startup_stm32f10x_hd.o(.text)
    I2C2_EV_IRQHandler                       0x080003f3   Thumb Code     0  startup_stm32f10x_hd.o(.text)
    PVD_IRQHandler                           0x080003f3   Thumb Code     0  startup_stm32f10x_hd.o(.text)
    RCC_IRQHandler                           0x080003f3   Thumb Code     0  startup_stm32f10x_hd.o(.text)
    RTCAlarm_IRQHandler                      0x080003f3   Thumb Code     0  startup_stm32f10x_hd.o(.text)
    RTC_IRQHandler                           0x080003f3   Thumb Code     0  startup_stm32f10x_hd.o(.text)
    SDIO_IRQHandler                          0x080003f3   Thumb Code     0  startup_stm32f10x_hd.o(.text)
    SPI1_IRQHandler                          0x080003f3   Thumb Code     0  startup_stm32f10x_hd.o(.text)
    SPI2_IRQHandler                          0x080003f3   Thumb Code     0  startup_stm32f10x_hd.o(.text)
    SPI3_IRQHandler                          0x080003f3   Thumb Code     0  startup_stm32f10x_hd.o(.text)
    TAMPER_IRQHandler                        0x080003f3   Thumb Code     0  startup_stm32f10x_hd.o(.text)
    TIM1_BRK_IRQHandler                      0x080003f3   Thumb Code     0  startup_stm32f10x_hd.o(.text)
    TIM1_CC_IRQHandler                       0x080003f3   Thumb Code     0  startup_stm32f10x_hd.o(.text)
    TIM1_TRG_COM_IRQHandler                  0x080003f3   Thumb Code     0  startup_stm32f10x_hd.o(.text)
    TIM1_UP_IRQHandler                       0x080003f3   Thumb Code     0  startup_stm32f10x_hd.o(.text)
    TIM3_IRQHandler                          0x080003f3   Thumb Code     0  startup_stm32f10x_hd.o(.text)
    TIM4_IRQHandler                          0x080003f3   Thumb Code     0  startup_stm32f10x_hd.o(.text)
    TIM5_IRQHandler                          0x080003f3   Thumb Code     0  startup_stm32f10x_hd.o(.text)
    TIM6_IRQHandler                          0x080003f3   Thumb Code     0  startup_stm32f10x_hd.o(.text)
    TIM7_IRQHandler                          0x080003f3   Thumb Code     0  startup_stm32f10x_hd.o(.text)
    TIM8_BRK_IRQHandler                      0x080003f3   Thumb Code     0  startup_stm32f10x_hd.o(.text)
    TIM8_CC_IRQHandler                       0x080003f3   Thumb Code     0  startup_stm32f10x_hd.o(.text)
    TIM8_TRG_COM_IRQHandler                  0x080003f3   Thumb Code     0  startup_stm32f10x_hd.o(.text)
    TIM8_UP_IRQHandler                       0x080003f3   Thumb Code     0  startup_stm32f10x_hd.o(.text)
    UART4_IRQHandler                         0x080003f3   Thumb Code     0  startup_stm32f10x_hd.o(.text)
    UART5_IRQHandler                         0x080003f3   Thumb Code     0  startup_stm32f10x_hd.o(.text)
    USART2_IRQHandler                        0x080003f3   Thumb Code     0  startup_stm32f10x_hd.o(.text)
    USART3_IRQHandler                        0x080003f3   Thumb Code     0  startup_stm32f10x_hd.o(.text)
    USBWakeUp_IRQHandler                     0x080003f3   Thumb Code     0  startup_stm32f10x_hd.o(.text)
    USB_HP_CAN1_TX_IRQHandler                0x080003f3   Thumb Code     0  startup_stm32f10x_hd.o(.text)
    USB_LP_CAN1_RX0_IRQHandler               0x080003f3   Thumb Code     0  startup_stm32f10x_hd.o(.text)
    WWDG_IRQHandler                          0x080003f3   Thumb Code     0  startup_stm32f10x_hd.o(.text)
    __user_initial_stackheap                 0x080003f5   Thumb Code     0  startup_stm32f10x_hd.o(.text)
    NVIC_PriorityGroupConfig                 0x08000419   Thumb Code    10  misc.o(.text)
    NVIC_Init                                0x08000423   Thumb Code   100  misc.o(.text)
    NVIC_SetVectorTable                      0x08000487   Thumb Code    14  misc.o(.text)
    NVIC_SystemLPConfig                      0x08000495   Thumb Code    34  misc.o(.text)
    SysTick_CLKSourceConfig                  0x080004b7   Thumb Code    40  misc.o(.text)
    EXTI_DeInit                              0x080004f5   Thumb Code    28  stm32f10x_exti.o(.text)
    EXTI_Init                                0x08000511   Thumb Code   142  stm32f10x_exti.o(.text)
    EXTI_StructInit                          0x0800059f   Thumb Code    16  stm32f10x_exti.o(.text)
    EXTI_GenerateSWInterrupt                 0x080005af   Thumb Code    16  stm32f10x_exti.o(.text)
    EXTI_GetFlagStatus                       0x080005bf   Thumb Code    22  stm32f10x_exti.o(.text)
    EXTI_ClearFlag                           0x080005d5   Thumb Code     8  stm32f10x_exti.o(.text)
    EXTI_GetITStatus                         0x080005dd   Thumb Code    34  stm32f10x_exti.o(.text)
    EXTI_ClearITPendingBit                   0x080005ff   Thumb Code     8  stm32f10x_exti.o(.text)
    GPIO_DeInit                              0x08000611   Thumb Code   172  stm32f10x_gpio.o(.text)
    GPIO_AFIODeInit                          0x080006bd   Thumb Code    20  stm32f10x_gpio.o(.text)
    GPIO_Init                                0x080006d1   Thumb Code   278  stm32f10x_gpio.o(.text)
    GPIO_StructInit                          0x080007e7   Thumb Code    16  stm32f10x_gpio.o(.text)
    GPIO_ReadInputDataBit                    0x080007f7   Thumb Code    18  stm32f10x_gpio.o(.text)
    GPIO_ReadInputData                       0x08000809   Thumb Code     8  stm32f10x_gpio.o(.text)
    GPIO_ReadOutputDataBit                   0x08000811   Thumb Code    18  stm32f10x_gpio.o(.text)
    GPIO_ReadOutputData                      0x08000823   Thumb Code     8  stm32f10x_gpio.o(.text)
    GPIO_SetBits                             0x0800082b   Thumb Code     4  stm32f10x_gpio.o(.text)
    GPIO_ResetBits                           0x0800082f   Thumb Code     4  stm32f10x_gpio.o(.text)
    GPIO_WriteBit                            0x08000833   Thumb Code    10  stm32f10x_gpio.o(.text)
    GPIO_Write                               0x0800083d   Thumb Code     4  stm32f10x_gpio.o(.text)
    GPIO_PinLockConfig                       0x08000841   Thumb Code    18  stm32f10x_gpio.o(.text)
    GPIO_EventOutputConfig                   0x08000853   Thumb Code    26  stm32f10x_gpio.o(.text)
    GPIO_EventOutputCmd                      0x0800086d   Thumb Code     6  stm32f10x_gpio.o(.text)
    GPIO_PinRemapConfig                      0x08000873   Thumb Code   138  stm32f10x_gpio.o(.text)
    GPIO_EXTILineConfig                      0x080008fd   Thumb Code    66  stm32f10x_gpio.o(.text)
    GPIO_ETH_MediaInterfaceConfig            0x0800093f   Thumb Code     8  stm32f10x_gpio.o(.text)
    RCC_DeInit                               0x0800096d   Thumb Code    64  stm32f10x_rcc.o(.text)
    RCC_HSEConfig                            0x080009ad   Thumb Code    70  stm32f10x_rcc.o(.text)
    RCC_GetFlagStatus                        0x080009f3   Thumb Code    56  stm32f10x_rcc.o(.text)
    RCC_WaitForHSEStartUp                    0x08000a2b   Thumb Code    56  stm32f10x_rcc.o(.text)
    RCC_AdjustHSICalibrationValue            0x08000a63   Thumb Code    20  stm32f10x_rcc.o(.text)
    RCC_HSICmd                               0x08000a77   Thumb Code     6  stm32f10x_rcc.o(.text)
    RCC_PLLConfig                            0x08000a7d   Thumb Code    24  stm32f10x_rcc.o(.text)
    RCC_PLLCmd                               0x08000a95   Thumb Code     6  stm32f10x_rcc.o(.text)
    RCC_SYSCLKConfig                         0x08000a9b   Thumb Code    18  stm32f10x_rcc.o(.text)
    RCC_GetSYSCLKSource                      0x08000aad   Thumb Code    10  stm32f10x_rcc.o(.text)
    RCC_HCLKConfig                           0x08000ab7   Thumb Code    18  stm32f10x_rcc.o(.text)
    RCC_PCLK1Config                          0x08000ac9   Thumb Code    18  stm32f10x_rcc.o(.text)
    RCC_PCLK2Config                          0x08000adb   Thumb Code    20  stm32f10x_rcc.o(.text)
    RCC_ITConfig                             0x08000aef   Thumb Code    26  stm32f10x_rcc.o(.text)
    RCC_USBCLKConfig                         0x08000b09   Thumb Code     8  stm32f10x_rcc.o(.text)
    RCC_ADCCLKConfig                         0x08000b11   Thumb Code    18  stm32f10x_rcc.o(.text)
    RCC_LSEConfig                            0x08000b23   Thumb Code    50  stm32f10x_rcc.o(.text)
    RCC_LSICmd                               0x08000b55   Thumb Code     6  stm32f10x_rcc.o(.text)
    RCC_RTCCLKConfig                         0x08000b5b   Thumb Code    12  stm32f10x_rcc.o(.text)
    RCC_RTCCLKCmd                            0x08000b67   Thumb Code     8  stm32f10x_rcc.o(.text)
    RCC_GetClocksFreq                        0x08000b6f   Thumb Code   192  stm32f10x_rcc.o(.text)
    RCC_AHBPeriphClockCmd                    0x08000c2f   Thumb Code    26  stm32f10x_rcc.o(.text)
    RCC_APB2PeriphClockCmd                   0x08000c49   Thumb Code    26  stm32f10x_rcc.o(.text)
    RCC_APB1PeriphClockCmd                   0x08000c63   Thumb Code    26  stm32f10x_rcc.o(.text)
    RCC_APB2PeriphResetCmd                   0x08000c7d   Thumb Code    26  stm32f10x_rcc.o(.text)
    RCC_APB1PeriphResetCmd                   0x08000c97   Thumb Code    26  stm32f10x_rcc.o(.text)
    RCC_BackupResetCmd                       0x08000cb1   Thumb Code     8  stm32f10x_rcc.o(.text)
    RCC_ClockSecuritySystemCmd               0x08000cb9   Thumb Code     6  stm32f10x_rcc.o(.text)
    RCC_MCOConfig                            0x08000cbf   Thumb Code     6  stm32f10x_rcc.o(.text)
    RCC_ClearFlag                            0x08000cc5   Thumb Code    14  stm32f10x_rcc.o(.text)
    RCC_GetITStatus                          0x08000cd3   Thumb Code    20  stm32f10x_rcc.o(.text)
    RCC_ClearITPendingBit                    0x08000ce7   Thumb Code     6  stm32f10x_rcc.o(.text)
    TIM_DeInit                               0x08000d11   Thumb Code   424  stm32f10x_tim.o(.text)
    TIM_TimeBaseInit                         0x08000eb9   Thumb Code   122  stm32f10x_tim.o(.text)
    TIM_OC1Init                              0x08000f33   Thumb Code   132  stm32f10x_tim.o(.text)
    TIM_OC2Init                              0x08000fb7   Thumb Code   154  stm32f10x_tim.o(.text)
    TIM_OC3Init                              0x08001051   Thumb Code   150  stm32f10x_tim.o(.text)
    TIM_OC4Init                              0x080010e7   Thumb Code   182  stm32f10x_tim.o(.text)
    TIM_SetIC4Prescaler                      0x0800119d   Thumb Code    26  stm32f10x_tim.o(.text)
    TIM_SetIC3Prescaler                      0x08001239   Thumb Code    18  stm32f10x_tim.o(.text)
    TIM_SetIC2Prescaler                      0x080012c5   Thumb Code    26  stm32f10x_tim.o(.text)
    TIM_SetIC1Prescaler                      0x08001361   Thumb Code    18  stm32f10x_tim.o(.text)
    TIM_ICInit                               0x080013df   Thumb Code   150  stm32f10x_tim.o(.text)
    TIM_PWMIConfig                           0x08001475   Thumb Code   124  stm32f10x_tim.o(.text)
    TIM_BDTRConfig                           0x080014f1   Thumb Code    32  stm32f10x_tim.o(.text)
    TIM_TimeBaseStructInit                   0x08001511   Thumb Code    18  stm32f10x_tim.o(.text)
    TIM_OCStructInit                         0x08001523   Thumb Code    20  stm32f10x_tim.o(.text)
    TIM_ICStructInit                         0x08001537   Thumb Code    18  stm32f10x_tim.o(.text)
    TIM_BDTRStructInit                       0x08001549   Thumb Code    40  stm32f10x_tim.o(.text)
    TIM_Cmd                                  0x08001571   Thumb Code    24  stm32f10x_tim.o(.text)
    TIM_CtrlPWMOutputs                       0x08001589   Thumb Code    30  stm32f10x_tim.o(.text)
    TIM_ITConfig                             0x080015a7   Thumb Code    18  stm32f10x_tim.o(.text)
    TIM_GenerateEvent                        0x080015b9   Thumb Code     4  stm32f10x_tim.o(.text)
    TIM_DMAConfig                            0x080015bd   Thumb Code    10  stm32f10x_tim.o(.text)
    TIM_DMACmd                               0x080015c7   Thumb Code    18  stm32f10x_tim.o(.text)
    TIM_InternalClockConfig                  0x080015d9   Thumb Code    12  stm32f10x_tim.o(.text)
    TIM_SelectInputTrigger                   0x080015e5   Thumb Code    18  stm32f10x_tim.o(.text)
    TIM_ITRxExternalClockConfig              0x080015f7   Thumb Code    24  stm32f10x_tim.o(.text)
    TIM_TIxExternalClockConfig               0x0800160f   Thumb Code    62  stm32f10x_tim.o(.text)
    TIM_ETRConfig                            0x0800164d   Thumb Code    28  stm32f10x_tim.o(.text)
    TIM_ETRClockMode1Config                  0x08001669   Thumb Code    54  stm32f10x_tim.o(.text)
    TIM_ETRClockMode2Config                  0x0800169f   Thumb Code    32  stm32f10x_tim.o(.text)
    TIM_PrescalerConfig                      0x080016bf   Thumb Code     6  stm32f10x_tim.o(.text)
    TIM_CounterModeConfig                    0x080016c5   Thumb Code    18  stm32f10x_tim.o(.text)
    TIM_EncoderInterfaceConfig               0x080016d7   Thumb Code    66  stm32f10x_tim.o(.text)
    TIM_ForcedOC1Config                      0x08001719   Thumb Code    18  stm32f10x_tim.o(.text)
    TIM_ForcedOC2Config                      0x0800172b   Thumb Code    26  stm32f10x_tim.o(.text)
    TIM_ForcedOC3Config                      0x08001745   Thumb Code    18  stm32f10x_tim.o(.text)
    TIM_ForcedOC4Config                      0x08001757   Thumb Code    26  stm32f10x_tim.o(.text)
    TIM_ARRPreloadConfig                     0x08001771   Thumb Code    24  stm32f10x_tim.o(.text)
    TIM_SelectCOM                            0x08001789   Thumb Code    24  stm32f10x_tim.o(.text)
    TIM_SelectCCDMA                          0x080017a1   Thumb Code    24  stm32f10x_tim.o(.text)
    TIM_CCPreloadControl                     0x080017b9   Thumb Code    24  stm32f10x_tim.o(.text)
    TIM_OC1PreloadConfig                     0x080017d1   Thumb Code    18  stm32f10x_tim.o(.text)
    TIM_OC2PreloadConfig                     0x080017e3   Thumb Code    26  stm32f10x_tim.o(.text)
    TIM_OC3PreloadConfig                     0x080017fd   Thumb Code    18  stm32f10x_tim.o(.text)
    TIM_OC4PreloadConfig                     0x0800180f   Thumb Code    26  stm32f10x_tim.o(.text)
    TIM_OC1FastConfig                        0x08001829   Thumb Code    18  stm32f10x_tim.o(.text)
    TIM_OC2FastConfig                        0x0800183b   Thumb Code    26  stm32f10x_tim.o(.text)
    TIM_OC3FastConfig                        0x08001855   Thumb Code    18  stm32f10x_tim.o(.text)
    TIM_OC4FastConfig                        0x08001867   Thumb Code    26  stm32f10x_tim.o(.text)
    TIM_ClearOC1Ref                          0x08001881   Thumb Code    18  stm32f10x_tim.o(.text)
    TIM_ClearOC2Ref                          0x08001893   Thumb Code    24  stm32f10x_tim.o(.text)
    TIM_ClearOC3Ref                          0x080018ab   Thumb Code    18  stm32f10x_tim.o(.text)
    TIM_ClearOC4Ref                          0x080018bd   Thumb Code    24  stm32f10x_tim.o(.text)
    TIM_OC1PolarityConfig                    0x080018d5   Thumb Code    18  stm32f10x_tim.o(.text)
    TIM_OC1NPolarityConfig                   0x080018e7   Thumb Code    18  stm32f10x_tim.o(.text)
    TIM_OC2PolarityConfig                    0x080018f9   Thumb Code    26  stm32f10x_tim.o(.text)
    TIM_OC2NPolarityConfig                   0x08001913   Thumb Code    26  stm32f10x_tim.o(.text)
    TIM_OC3PolarityConfig                    0x0800192d   Thumb Code    26  stm32f10x_tim.o(.text)
    TIM_OC3NPolarityConfig                   0x08001947   Thumb Code    26  stm32f10x_tim.o(.text)
    TIM_OC4PolarityConfig                    0x08001961   Thumb Code    26  stm32f10x_tim.o(.text)
    TIM_CCxCmd                               0x0800197b   Thumb Code    30  stm32f10x_tim.o(.text)
    TIM_CCxNCmd                              0x08001999   Thumb Code    30  stm32f10x_tim.o(.text)
    TIM_SelectOCxM                           0x080019b7   Thumb Code    82  stm32f10x_tim.o(.text)
    TIM_UpdateDisableConfig                  0x08001a09   Thumb Code    24  stm32f10x_tim.o(.text)
    TIM_UpdateRequestConfig                  0x08001a21   Thumb Code    24  stm32f10x_tim.o(.text)
    TIM_SelectHallSensor                     0x08001a39   Thumb Code    24  stm32f10x_tim.o(.text)
    TIM_SelectOnePulseMode                   0x08001a51   Thumb Code    18  stm32f10x_tim.o(.text)
    TIM_SelectOutputTrigger                  0x08001a63   Thumb Code    18  stm32f10x_tim.o(.text)
    TIM_SelectSlaveMode                      0x08001a75   Thumb Code    18  stm32f10x_tim.o(.text)
    TIM_SelectMasterSlaveMode                0x08001a87   Thumb Code    18  stm32f10x_tim.o(.text)
    TIM_SetCounter                           0x08001a99   Thumb Code     4  stm32f10x_tim.o(.text)
    TIM_SetAutoreload                        0x08001a9d   Thumb Code     4  stm32f10x_tim.o(.text)
    TIM_SetCompare1                          0x08001aa1   Thumb Code     4  stm32f10x_tim.o(.text)
    TIM_SetCompare2                          0x08001aa5   Thumb Code     4  stm32f10x_tim.o(.text)
    TIM_SetCompare3                          0x08001aa9   Thumb Code     4  stm32f10x_tim.o(.text)
    TIM_SetCompare4                          0x08001aad   Thumb Code     6  stm32f10x_tim.o(.text)
    TIM_SetClockDivision                     0x08001ab3   Thumb Code    18  stm32f10x_tim.o(.text)
    TIM_GetCapture1                          0x08001ac5   Thumb Code     6  stm32f10x_tim.o(.text)
    TIM_GetCapture2                          0x08001acb   Thumb Code     6  stm32f10x_tim.o(.text)
    TIM_GetCapture3                          0x08001ad1   Thumb Code     6  stm32f10x_tim.o(.text)
    TIM_GetCapture4                          0x08001ad7   Thumb Code     8  stm32f10x_tim.o(.text)
    TIM_GetCounter                           0x08001adf   Thumb Code     6  stm32f10x_tim.o(.text)
    TIM_GetPrescaler                         0x08001ae5   Thumb Code     6  stm32f10x_tim.o(.text)
    TIM_GetFlagStatus                        0x08001aeb   Thumb Code    18  stm32f10x_tim.o(.text)
    TIM_ClearFlag                            0x08001afd   Thumb Code     6  stm32f10x_tim.o(.text)
    TIM_GetITStatus                          0x08001b03   Thumb Code    34  stm32f10x_tim.o(.text)
    TIM_ClearITPendingBit                    0x08001b25   Thumb Code     6  stm32f10x_tim.o(.text)
    USART_DeInit                             0x08001b2d   Thumb Code   134  stm32f10x_usart.o(.text)
    USART_Init                               0x08001bb3   Thumb Code   210  stm32f10x_usart.o(.text)
    USART_StructInit                         0x08001c85   Thumb Code    24  stm32f10x_usart.o(.text)
    USART_ClockInit                          0x08001c9d   Thumb Code    34  stm32f10x_usart.o(.text)
    USART_ClockStructInit                    0x08001cbf   Thumb Code    12  stm32f10x_usart.o(.text)
    USART_Cmd                                0x08001ccb   Thumb Code    24  stm32f10x_usart.o(.text)
    USART_ITConfig                           0x08001ce3   Thumb Code    74  stm32f10x_usart.o(.text)
    USART_DMACmd                             0x08001d2d   Thumb Code    18  stm32f10x_usart.o(.text)
    USART_SetAddress                         0x08001d3f   Thumb Code    18  stm32f10x_usart.o(.text)
    USART_WakeUpConfig                       0x08001d51   Thumb Code    18  stm32f10x_usart.o(.text)
    USART_ReceiverWakeUpCmd                  0x08001d63   Thumb Code    24  stm32f10x_usart.o(.text)
    USART_LINBreakDetectLengthConfig         0x08001d7b   Thumb Code    18  stm32f10x_usart.o(.text)
    USART_LINCmd                             0x08001d8d   Thumb Code    24  stm32f10x_usart.o(.text)
    USART_SendData                           0x08001da5   Thumb Code     8  stm32f10x_usart.o(.text)
    USART_ReceiveData                        0x08001dad   Thumb Code    10  stm32f10x_usart.o(.text)
    USART_SendBreak                          0x08001db7   Thumb Code    10  stm32f10x_usart.o(.text)
    USART_SetGuardTime                       0x08001dc1   Thumb Code    16  stm32f10x_usart.o(.text)
    USART_SetPrescaler                       0x08001dd1   Thumb Code    16  stm32f10x_usart.o(.text)
    USART_SmartCardCmd                       0x08001de1   Thumb Code    24  stm32f10x_usart.o(.text)
    USART_SmartCardNACKCmd                   0x08001df9   Thumb Code    24  stm32f10x_usart.o(.text)
    USART_HalfDuplexCmd                      0x08001e11   Thumb Code    24  stm32f10x_usart.o(.text)
    USART_OverSampling8Cmd                   0x08001e29   Thumb Code    22  stm32f10x_usart.o(.text)
    USART_OneBitMethodCmd                    0x08001e3f   Thumb Code    24  stm32f10x_usart.o(.text)
    USART_IrDAConfig                         0x08001e57   Thumb Code    18  stm32f10x_usart.o(.text)
    USART_IrDACmd                            0x08001e69   Thumb Code    24  stm32f10x_usart.o(.text)
    USART_GetFlagStatus                      0x08001e81   Thumb Code    26  stm32f10x_usart.o(.text)
    USART_ClearFlag                          0x08001e9b   Thumb Code    18  stm32f10x_usart.o(.text)
    USART_GetITStatus                        0x08001ead   Thumb Code    84  stm32f10x_usart.o(.text)
    USART_ClearITPendingBit                  0x08001f01   Thumb Code    52  stm32f10x_usart.o(.text)
    BuzzerInit                               0x08001f35   Thumb Code    38  buzzer.o(.text)
    BuzzerSet                                0x08001f5b   Thumb Code    12  buzzer.o(.text)
    BuzzerReset                              0x08001f67   Thumb Code    12  buzzer.o(.text)
    LedInit                                  0x08001f79   Thumb Code    64  led.o(.text)
    D3Set                                    0x08001fb9   Thumb Code    12  led.o(.text)
    D3Reset                                  0x08001fc5   Thumb Code    12  led.o(.text)
    D4Set                                    0x08001fd1   Thumb Code    12  led.o(.text)
    D4Reset                                  0x08001fdd   Thumb Code    12  led.o(.text)
    KeyInit                                  0x08001ff1   Thumb Code    32  key.o(.text)
    ReadKey                                  0x08002011   Thumb Code    12  key.o(.text)
    Init                                     0x08002021   Thumb Code    76  init.o(.text)
    ModelEntry                               0x0800206d   Thumb Code   282  model_select.o(.text)
    MotionInit                               0x08002189   Thumb Code   240  motion.o(.text)
    SetMotionSpeed                           0x08002279   Thumb Code   162  motion.o(.text)
    MotionRun                                0x0800231b   Thumb Code    34  motion.o(.text)
    MotionStop                               0x0800233d   Thumb Code    44  motion.o(.text)
    MotionLeft                               0x08002369   Thumb Code    30  motion.o(.text)
    MotionSpinLeft                           0x08002387   Thumb Code    30  motion.o(.text)
    MotionRight                              0x080023a5   Thumb Code    34  motion.o(.text)
    MotionSpinRight                          0x080023c7   Thumb Code    34  motion.o(.text)
    MotionBack                               0x080023e9   Thumb Code    44  motion.o(.text)
    TrackInit                                0x08002429   Thumb Code    64  track.o(.text)
    DelayInit                                0x08002471   Thumb Code    50  delay.o(.text)
    DelayUs                                  0x080024a3   Thumb Code    72  delay.o(.text)
    DelayMs                                  0x080024eb   Thumb Code    72  delay.o(.text)
    SingleTrack                              0x08002545   Thumb Code   170  single_track.o(.text)
    DoubleTrack                              0x080025f9   Thumb Code   170  double_track.o(.text)
    TimerInit                                0x080026ad   Thumb Code    92  timer.o(.text)
    TIM2_IRQHandler                          0x08002709   Thumb Code    22  timer.o(.text)
    _sys_exit                                0x08002721   Thumb Code     6  usart.o(.text)
    fputc                                    0x08002727   Thumb Code    24  usart.o(.text)
    UsartInit                                0x0800273f   Thumb Code   152  usart.o(.text)
    USART1_IRQHandler                        0x080027d7   Thumb Code   122  usart.o(.text)
    SteerInit                                0x08002861   Thumb Code   150  steer.o(.text)
    SetSteerAngle                            0x080028f7   Thumb Code    78  steer.o(.text)
    UltrasonicInit                           0x08002959   Thumb Code   122  ultrasonic_avoid.o(.text)
    UltrasonicDetect                         0x080029d3   Thumb Code    46  ultrasonic_avoid.o(.text)
    EXTI1_IRQHandler                         0x08002a01   Thumb Code   114  ultrasonic_avoid.o(.text)
    FrontDetect                              0x08002a85   Thumb Code    20  run_maze.o(.text)
    LeftDetect                               0x08002a99   Thumb Code    22  run_maze.o(.text)
    RightDetect                              0x08002aaf   Thumb Code    22  run_maze.o(.text)
    RunMaze                                  0x08002ac5   Thumb Code   132  run_maze.o(.text)
    __use_no_semihosting                     0x08002b55   Thumb Code     2  use_no_semi_2.o(.text)
    __use_two_region_memory                  0x08002b57   Thumb Code     2  heapauxi.o(.text)
    __rt_heap_escrow$2region                 0x08002b59   Thumb Code     2  heapauxi.o(.text)
    __rt_heap_expand$2region                 0x08002b5b   Thumb Code     2  heapauxi.o(.text)
    __I$use$semihosting                      0x08002b5d   Thumb Code     0  use_no_semi.o(.text)
    __use_no_semihosting_swi                 0x08002b5d   Thumb Code     2  use_no_semi.o(.text)
    __user_setup_stackheap                   0x08002b5f   Thumb Code    74  sys_stackheap_outer.o(.text)
    exit                                     0x08002ba9   Thumb Code    18  exit.o(.text)
    __user_libspace                          0x08002bbd   Thumb Code     8  libspace.o(.text)
    __user_perproc_libspace                  0x08002bbd   Thumb Code     0  libspace.o(.text)
    __user_perthread_libspace                0x08002bbd   Thumb Code     0  libspace.o(.text)
    __aeabi_d2f                              0x08002bc5   Thumb Code     0  d2f.o(x$fpl$d2f)
    _d2f                                     0x08002bc5   Thumb Code    98  d2f.o(x$fpl$d2f)
    __aeabi_dadd                             0x08002c29   Thumb Code     0  daddsub_clz.o(x$fpl$dadd)
    _dadd                                    0x08002c29   Thumb Code   332  daddsub_clz.o(x$fpl$dadd)
    __aeabi_ddiv                             0x08002d79   Thumb Code     0  ddiv.o(x$fpl$ddiv)
    _ddiv                                    0x08002d79   Thumb Code   552  ddiv.o(x$fpl$ddiv)
    __aeabi_d2iz                             0x08003029   Thumb Code     0  dfix.o(x$fpl$dfix)
    _dfix                                    0x08003029   Thumb Code    94  dfix.o(x$fpl$dfix)
    __aeabi_d2uiz                            0x08003089   Thumb Code     0  dfixu.o(x$fpl$dfixu)
    _dfixu                                   0x08003089   Thumb Code    90  dfixu.o(x$fpl$dfixu)
    __aeabi_i2d                              0x080030e3   Thumb Code     0  dflt_clz.o(x$fpl$dflt)
    _dflt                                    0x080030e3   Thumb Code    46  dflt_clz.o(x$fpl$dflt)
    __aeabi_dmul                             0x08003111   Thumb Code     0  dmul.o(x$fpl$dmul)
    _dmul                                    0x08003111   Thumb Code   332  dmul.o(x$fpl$dmul)
    __fpl_dnaninf                            0x08003265   Thumb Code   156  dnaninf.o(x$fpl$dnaninf)
    __fpl_dretinf                            0x08003301   Thumb Code    12  dretinf.o(x$fpl$dretinf)
    __aeabi_drsub                            0x0800330d   Thumb Code     0  daddsub_clz.o(x$fpl$drsb)
    _drsb                                    0x0800330d   Thumb Code    22  daddsub_clz.o(x$fpl$drsb)
    __aeabi_dsub                             0x08003325   Thumb Code     0  daddsub_clz.o(x$fpl$dsub)
    _dsub                                    0x08003325   Thumb Code   464  daddsub_clz.o(x$fpl$dsub)
    __aeabi_f2d                              0x080034f9   Thumb Code     0  f2d.o(x$fpl$f2d)
    _f2d                                     0x080034f9   Thumb Code    86  f2d.o(x$fpl$f2d)
    __aeabi_f2iz                             0x08003551   Thumb Code     0  ffix.o(x$fpl$ffix)
    _ffix                                    0x08003551   Thumb Code    54  ffix.o(x$fpl$ffix)
    __aeabi_f2uiz                            0x08003589   Thumb Code     0  ffixu.o(x$fpl$ffixu)
    _ffixu                                   0x08003589   Thumb Code    62  ffixu.o(x$fpl$ffixu)
    __aeabi_ui2f                             0x080035c9   Thumb Code     0  fflt_clz.o(x$fpl$ffltu)
    _ffltu                                   0x080035c9   Thumb Code    38  fflt_clz.o(x$fpl$ffltu)
    __aeabi_fmul                             0x080035f1   Thumb Code     0  fmul.o(x$fpl$fmul)
    _fmul                                    0x080035f1   Thumb Code   258  fmul.o(x$fpl$fmul)
    __fpl_fnaninf                            0x080036f3   Thumb Code   140  fnaninf.o(x$fpl$fnaninf)
    __fpl_fretinf                            0x0800377f   Thumb Code    10  fretinf.o(x$fpl$fretinf)
    Region$$Table$$Base                      0x08003788   Number         0  anon$$obj.o(Region$$Table)
    __I$use$fp                               0x08003788   Number         0  usenofp.o(x$fpl$usenofp)
    Region$$Table$$Limit                     0x080037a8   Number         0  anon$$obj.o(Region$$Table)
    SystemCoreClock                          0x20000000   Data           4  system_stm32f10x.o(.data)
    AHBPrescTable                            0x20000004   Data          16  system_stm32f10x.o(.data)
    __stdout                                 0x2000002c   Data           4  usart.o(.data)
    USART_RX_STA                             0x20000030   Data           2  usart.o(.data)
    UltrasonicWave_Distance                  0x20000034   Data           4  ultrasonic_avoid.o(.data)
    USART_RX_BUF                             0x20000038   Data         200  usart.o(.bss)
    __libspace_start                         0x20000100   Data          96  libspace.o(.bss)
    __temporary_stack_top$libspace           0x20000160   Data           0  libspace.o(.bss)



==============================================================================

Memory Map of the image

  Image Entry point : 0x08000131

  Load Region LR_IROM1 (Base: 0x08000000, Size: 0x000037e0, Max: 0x00040000, ABSOLUTE)

    Execution Region ER_IROM1 (Exec base: 0x08000000, Load base: 0x08000000, Size: 0x000037a8, Max: 0x00040000, ABSOLUTE)

    Exec Addr    Load Addr    Size         Type   Attr      Idx    E Section Name        Object

    0x08000000   0x08000000   0x00000130   Data   RO          230    RESET               startup_stm32f10x_hd.o
    0x08000130   0x08000130   0x00000008   Code   RO          783  * !!!main             c_w.l(__main.o)
    0x08000138   0x08000138   0x00000034   Code   RO          993    !!!scatter          c_w.l(__scatter.o)
    0x0800016c   0x0800016c   0x0000001a   Code   RO          995    !!handler_copy      c_w.l(__scatter_copy.o)
    0x08000186   0x08000186   0x00000002   PAD
    0x08000188   0x08000188   0x0000001c   Code   RO          997    !!handler_zi        c_w.l(__scatter_zi.o)
    0x080001a4   0x080001a4   0x00000002   Code   RO          867    .ARM.Collect$$libinit$$00000000  c_w.l(libinit.o)
    0x080001a6   0x080001a6   0x00000000   Code   RO          874    .ARM.Collect$$libinit$$00000002  c_w.l(libinit2.o)
    0x080001a6   0x080001a6   0x00000000   Code   RO          876    .ARM.Collect$$libinit$$00000004  c_w.l(libinit2.o)
    0x080001a6   0x080001a6   0x00000000   Code   RO          879    .ARM.Collect$$libinit$$0000000A  c_w.l(libinit2.o)
    0x080001a6   0x080001a6   0x00000000   Code   RO          881    .ARM.Collect$$libinit$$0000000C  c_w.l(libinit2.o)
    0x080001a6   0x080001a6   0x00000000   Code   RO          883    .ARM.Collect$$libinit$$0000000E  c_w.l(libinit2.o)
    0x080001a6   0x080001a6   0x00000000   Code   RO          886    .ARM.Collect$$libinit$$00000011  c_w.l(libinit2.o)
    0x080001a6   0x080001a6   0x00000000   Code   RO          888    .ARM.Collect$$libinit$$00000013  c_w.l(libinit2.o)
    0x080001a6   0x080001a6   0x00000000   Code   RO          890    .ARM.Collect$$libinit$$00000015  c_w.l(libinit2.o)
    0x080001a6   0x080001a6   0x00000000   Code   RO          892    .ARM.Collect$$libinit$$00000017  c_w.l(libinit2.o)
    0x080001a6   0x080001a6   0x00000000   Code   RO          894    .ARM.Collect$$libinit$$00000019  c_w.l(libinit2.o)
    0x080001a6   0x080001a6   0x00000000   Code   RO          896    .ARM.Collect$$libinit$$0000001B  c_w.l(libinit2.o)
    0x080001a6   0x080001a6   0x00000000   Code   RO          898    .ARM.Collect$$libinit$$0000001D  c_w.l(libinit2.o)
    0x080001a6   0x080001a6   0x00000000   Code   RO          900    .ARM.Collect$$libinit$$0000001F  c_w.l(libinit2.o)
    0x080001a6   0x080001a6   0x00000000   Code   RO          902    .ARM.Collect$$libinit$$00000021  c_w.l(libinit2.o)
    0x080001a6   0x080001a6   0x00000000   Code   RO          904    .ARM.Collect$$libinit$$00000023  c_w.l(libinit2.o)
    0x080001a6   0x080001a6   0x00000000   Code   RO          906    .ARM.Collect$$libinit$$00000025  c_w.l(libinit2.o)
    0x080001a6   0x080001a6   0x00000000   Code   RO          910    .ARM.Collect$$libinit$$0000002C  c_w.l(libinit2.o)
    0x080001a6   0x080001a6   0x00000000   Code   RO          912    .ARM.Collect$$libinit$$0000002E  c_w.l(libinit2.o)
    0x080001a6   0x080001a6   0x00000000   Code   RO          914    .ARM.Collect$$libinit$$00000030  c_w.l(libinit2.o)
    0x080001a6   0x080001a6   0x00000000   Code   RO          916    .ARM.Collect$$libinit$$00000032  c_w.l(libinit2.o)
    0x080001a6   0x080001a6   0x00000002   Code   RO          917    .ARM.Collect$$libinit$$00000033  c_w.l(libinit2.o)
    0x080001a8   0x080001a8   0x00000002   Code   RO          935    .ARM.Collect$$libshutdown$$00000000  c_w.l(libshutdown.o)
    0x080001aa   0x080001aa   0x00000000   Code   RO          945    .ARM.Collect$$libshutdown$$00000002  c_w.l(libshutdown2.o)
    0x080001aa   0x080001aa   0x00000000   Code   RO          947    .ARM.Collect$$libshutdown$$00000004  c_w.l(libshutdown2.o)
    0x080001aa   0x080001aa   0x00000000   Code   RO          950    .ARM.Collect$$libshutdown$$00000007  c_w.l(libshutdown2.o)
    0x080001aa   0x080001aa   0x00000000   Code   RO          953    .ARM.Collect$$libshutdown$$0000000A  c_w.l(libshutdown2.o)
    0x080001aa   0x080001aa   0x00000000   Code   RO          955    .ARM.Collect$$libshutdown$$0000000C  c_w.l(libshutdown2.o)
    0x080001aa   0x080001aa   0x00000000   Code   RO          958    .ARM.Collect$$libshutdown$$0000000F  c_w.l(libshutdown2.o)
    0x080001aa   0x080001aa   0x00000002   Code   RO          959    .ARM.Collect$$libshutdown$$00000010  c_w.l(libshutdown2.o)
    0x080001ac   0x080001ac   0x00000000   Code   RO          833    .ARM.Collect$$rtentry$$00000000  c_w.l(__rtentry.o)
    0x080001ac   0x080001ac   0x00000000   Code   RO          844    .ARM.Collect$$rtentry$$00000002  c_w.l(__rtentry2.o)
    0x080001ac   0x080001ac   0x00000006   Code   RO          856    .ARM.Collect$$rtentry$$00000004  c_w.l(__rtentry4.o)
    0x080001b2   0x080001b2   0x00000000   Code   RO          846    .ARM.Collect$$rtentry$$00000009  c_w.l(__rtentry2.o)
    0x080001b2   0x080001b2   0x00000004   Code   RO          847    .ARM.Collect$$rtentry$$0000000A  c_w.l(__rtentry2.o)
    0x080001b6   0x080001b6   0x00000000   Code   RO          849    .ARM.Collect$$rtentry$$0000000C  c_w.l(__rtentry2.o)
    0x080001b6   0x080001b6   0x00000008   Code   RO          850    .ARM.Collect$$rtentry$$0000000D  c_w.l(__rtentry2.o)
    0x080001be   0x080001be   0x00000002   Code   RO          871    .ARM.Collect$$rtexit$$00000000  c_w.l(rtexit.o)
    0x080001c0   0x080001c0   0x00000000   Code   RO          919    .ARM.Collect$$rtexit$$00000002  c_w.l(rtexit2.o)
    0x080001c0   0x080001c0   0x00000004   Code   RO          920    .ARM.Collect$$rtexit$$00000003  c_w.l(rtexit2.o)
    0x080001c4   0x080001c4   0x00000006   Code   RO          921    .ARM.Collect$$rtexit$$00000004  c_w.l(rtexit2.o)
    0x080001ca   0x080001ca   0x00000012   Code   RO            1    .text               main.o
    0x080001dc   0x080001dc   0x0000001a   Code   RO          158    .text               stm32f10x_it.o
    0x080001f6   0x080001f6   0x00000002   PAD
    0x080001f8   0x080001f8   0x000001e0   Code   RO          199    .text               system_stm32f10x.o
    0x080003d8   0x080003d8   0x00000040   Code   RO          231    .text               startup_stm32f10x_hd.o
    0x08000418   0x08000418   0x000000dc   Code   RO          235    .text               misc.o
    0x080004f4   0x080004f4   0x0000011c   Code   RO          343    .text               stm32f10x_exti.o
    0x08000610   0x08000610   0x0000035c   Code   RO          379    .text               stm32f10x_gpio.o
    0x0800096c   0x0800096c   0x000003a4   Code   RO          427    .text               stm32f10x_rcc.o
    0x08000d10   0x08000d10   0x00000e1a   Code   RO          477    .text               stm32f10x_tim.o
    0x08001b2a   0x08001b2a   0x00000002   PAD
    0x08001b2c   0x08001b2c   0x00000408   Code   RO          489    .text               stm32f10x_usart.o
    0x08001f34   0x08001f34   0x00000044   Code   RO          513    .text               buzzer.o
    0x08001f78   0x08001f78   0x00000078   Code   RO          528    .text               led.o
    0x08001ff0   0x08001ff0   0x00000030   Code   RO          543    .text               key.o
    0x08002020   0x08002020   0x0000004c   Code   RO          558    .text               init.o
    0x0800206c   0x0800206c   0x0000011a   Code   RO          570    .text               model_select.o
    0x08002186   0x08002186   0x00000002   PAD
    0x08002188   0x08002188   0x000002a0   Code   RO          582    .text               motion.o
    0x08002428   0x08002428   0x00000048   Code   RO          600    .text               track.o
    0x08002470   0x08002470   0x000000d4   Code   RO          615    .text               delay.o
    0x08002544   0x08002544   0x000000b4   Code   RO          651    .text               single_track.o
    0x080025f8   0x080025f8   0x000000b4   Code   RO          666    .text               double_track.o
    0x080026ac   0x080026ac   0x00000072   Code   RO          681    .text               timer.o
    0x0800271e   0x0800271e   0x00000002   PAD
    0x08002720   0x08002720   0x00000140   Code   RO          699    .text               usart.o
    0x08002860   0x08002860   0x000000f8   Code   RO          722    .text               steer.o
    0x08002958   0x08002958   0x0000012c   Code   RO          737    .text               ultrasonic_avoid.o
    0x08002a84   0x08002a84   0x000000d0   Code   RO          762    .text               run_maze.o
    0x08002b54   0x08002b54   0x00000002   Code   RO          779    .text               c_w.l(use_no_semi_2.o)
    0x08002b56   0x08002b56   0x00000006   Code   RO          781    .text               c_w.l(heapauxi.o)
    0x08002b5c   0x08002b5c   0x00000002   Code   RO          831    .text               c_w.l(use_no_semi.o)
    0x08002b5e   0x08002b5e   0x0000004a   Code   RO          858    .text               c_w.l(sys_stackheap_outer.o)
    0x08002ba8   0x08002ba8   0x00000012   Code   RO          860    .text               c_w.l(exit.o)
    0x08002bba   0x08002bba   0x00000002   PAD
    0x08002bbc   0x08002bbc   0x00000008   Code   RO          868    .text               c_w.l(libspace.o)
    0x08002bc4   0x08002bc4   0x00000062   Code   RO          785    x$fpl$d2f           fz_ws.l(d2f.o)
    0x08002c26   0x08002c26   0x00000002   PAD
    0x08002c28   0x08002c28   0x00000150   Code   RO          787    x$fpl$dadd          fz_ws.l(daddsub_clz.o)
    0x08002d78   0x08002d78   0x000002b0   Code   RO          794    x$fpl$ddiv          fz_ws.l(ddiv.o)
    0x08003028   0x08003028   0x0000005e   Code   RO          797    x$fpl$dfix          fz_ws.l(dfix.o)
    0x08003086   0x08003086   0x00000002   PAD
    0x08003088   0x08003088   0x0000005a   Code   RO          801    x$fpl$dfixu         fz_ws.l(dfixu.o)
    0x080030e2   0x080030e2   0x0000002e   Code   RO          806    x$fpl$dflt          fz_ws.l(dflt_clz.o)
    0x08003110   0x08003110   0x00000154   Code   RO          811    x$fpl$dmul          fz_ws.l(dmul.o)
    0x08003264   0x08003264   0x0000009c   Code   RO          834    x$fpl$dnaninf       fz_ws.l(dnaninf.o)
    0x08003300   0x08003300   0x0000000c   Code   RO          836    x$fpl$dretinf       fz_ws.l(dretinf.o)
    0x0800330c   0x0800330c   0x00000016   Code   RO          788    x$fpl$drsb          fz_ws.l(daddsub_clz.o)
    0x08003322   0x08003322   0x00000002   PAD
    0x08003324   0x08003324   0x000001d4   Code   RO          789    x$fpl$dsub          fz_ws.l(daddsub_clz.o)
    0x080034f8   0x080034f8   0x00000056   Code   RO          813    x$fpl$f2d           fz_ws.l(f2d.o)
    0x0800354e   0x0800354e   0x00000002   PAD
    0x08003550   0x08003550   0x00000036   Code   RO          815    x$fpl$ffix          fz_ws.l(ffix.o)
    0x08003586   0x08003586   0x00000002   PAD
    0x08003588   0x08003588   0x0000003e   Code   RO          819    x$fpl$ffixu         fz_ws.l(ffixu.o)
    0x080035c6   0x080035c6   0x00000002   PAD
    0x080035c8   0x080035c8   0x00000026   Code   RO          823    x$fpl$ffltu         fz_ws.l(fflt_clz.o)
    0x080035ee   0x080035ee   0x00000002   PAD
    0x080035f0   0x080035f0   0x00000102   Code   RO          829    x$fpl$fmul          fz_ws.l(fmul.o)
    0x080036f2   0x080036f2   0x0000008c   Code   RO          838    x$fpl$fnaninf       fz_ws.l(fnaninf.o)
    0x0800377e   0x0800377e   0x0000000a   Code   RO          840    x$fpl$fretinf       fz_ws.l(fretinf.o)
    0x08003788   0x08003788   0x00000000   Code   RO          842    x$fpl$usenofp       fz_ws.l(usenofp.o)
    0x08003788   0x08003788   0x00000020   Data   RO          991    Region$$Table       anon$$obj.o


    Execution Region RW_IRAM1 (Exec base: 0x20000000, Load base: 0x080037a8, Size: 0x00000760, Max: 0x0000c000, ABSOLUTE)

    Exec Addr    Load Addr    Size         Type   Attr      Idx    E Section Name        Object

    0x20000000   0x080037a8   0x00000014   Data   RW          200    .data               system_stm32f10x.o
    0x20000014   0x080037bc   0x00000014   Data   RW          428    .data               stm32f10x_rcc.o
    0x20000028   0x080037d0   0x00000004   Data   RW          616    .data               delay.o
    0x2000002c   0x080037d4   0x00000006   Data   RW          701    .data               usart.o
    0x20000032   0x080037da   0x00000002   PAD
    0x20000034   0x080037dc   0x00000004   Data   RW          738    .data               ultrasonic_avoid.o
    0x20000038        -       0x000000c8   Zero   RW          700    .bss                usart.o
    0x20000100        -       0x00000060   Zero   RW          869    .bss                c_w.l(libspace.o)
    0x20000160        -       0x00000200   Zero   RW          229    HEAP                startup_stm32f10x_hd.o
    0x20000360        -       0x00000400   Zero   RW          228    STACK               startup_stm32f10x_hd.o


==============================================================================

Image component sizes


      Code (inc. data)   RO Data    RW Data    ZI Data      Debug   Object Name

        68          6          0          0          0        723   buzzer.o
         0          0          0          0          0         32   core_cm3.o
       212         18          0          4          0        988   delay.o
       180         16          0          0          0        590   double_track.o
        76          0          0          0          0        463   init.o
        48          4          0          0          0        602   key.o
       120          8          0          0          0        918   led.o
        18          0          0          0          0     255315   main.o
       220         22          0          0          0       1753   misc.o
       282          0          0          0          0        881   model_select.o
       672         20          0          0          0       2810   motion.o
       208         12          0          0          0       1069   run_maze.o
       180         16          0          0          0        590   single_track.o
        64         26        304          0       1536        776   startup_stm32f10x_hd.o
       248         20          0          0          0        946   steer.o
       284         10          0          0          0       2211   stm32f10x_exti.o
       860         38          0          0          0       5689   stm32f10x_gpio.o
        26          0          0          0          0       1158   stm32f10x_it.o
       932         36          0         20          0       8848   stm32f10x_rcc.o
      3610         88          0          0          0      22796   stm32f10x_tim.o
      1032         22          0          0          0       8412   stm32f10x_usart.o
       480         38          0         20          0       1671   system_stm32f10x.o
       114          0          0          0          0        752   timer.o
        72          8          0          0          0        504   track.o
       300         18          0          4          0       1289   ultrasonic_avoid.o
       320         16          0          6        200       3094   usart.o

    ----------------------------------------------------------------------
     10634        442        336         56       1736     324880   Object Totals
         0          0         32          0          0          0   (incl. Generated)
         8          0          0          2          0          0   (incl. Padding)

    ----------------------------------------------------------------------

      Code (inc. data)   RO Data    RW Data    ZI Data      Debug   Library Member Name

         8          0          0          0          0         68   __main.o
         0          0          0          0          0          0   __rtentry.o
        12          0          0          0          0          0   __rtentry2.o
         6          0          0          0          0          0   __rtentry4.o
        52          8          0          0          0          0   __scatter.o
        26          0          0          0          0          0   __scatter_copy.o
        28          0          0          0          0          0   __scatter_zi.o
        18          0          0          0          0         80   exit.o
         6          0          0          0          0        152   heapauxi.o
         2          0          0          0          0          0   libinit.o
         2          0          0          0          0          0   libinit2.o
         2          0          0          0          0          0   libshutdown.o
         2          0          0          0          0          0   libshutdown2.o
         8          4          0          0         96         68   libspace.o
         2          0          0          0          0          0   rtexit.o
        10          0          0          0          0          0   rtexit2.o
        74          0          0          0          0         80   sys_stackheap_outer.o
         2          0          0          0          0         68   use_no_semi.o
         2          0          0          0          0         68   use_no_semi_2.o
        98          4          0          0          0         92   d2f.o
       826         16          0          0          0        348   daddsub_clz.o
       688        140          0          0          0        208   ddiv.o
        94          4          0          0          0         92   dfix.o
        90          4          0          0          0         92   dfixu.o
        46          0          0          0          0         68   dflt_clz.o
       340         12          0          0          0        104   dmul.o
       156          4          0          0          0         92   dnaninf.o
        12          0          0          0          0         68   dretinf.o
        86          4          0          0          0         84   f2d.o
        54          4          0          0          0         84   ffix.o
        62          4          0          0          0         84   ffixu.o
        38          0          0          0          0         68   fflt_clz.o
       258          4          0          0          0         84   fmul.o
       140          4          0          0          0         84   fnaninf.o
        10          0          0          0          0         68   fretinf.o
         0          0          0          0          0          0   usenofp.o

    ----------------------------------------------------------------------
      3278        216          0          0         96       2304   Library Totals
        18          0          0          0          0          0   (incl. Padding)

    ----------------------------------------------------------------------

      Code (inc. data)   RO Data    RW Data    ZI Data      Debug   Library Name

       262         12          0          0         96        584   c_w.l
      2998        204          0          0          0       1720   fz_ws.l

    ----------------------------------------------------------------------
      3278        216          0          0         96       2304   Library Totals

    ----------------------------------------------------------------------

==============================================================================


      Code (inc. data)   RO Data    RW Data    ZI Data      Debug   

     13912        658        336         56       1832     324424   Grand Totals
     13912        658        336         56       1832     324424   ELF Image Totals
     13912        658        336         56          0          0   ROM Totals

==============================================================================

    Total RO  Size (Code + RO Data)                14248 (  13.91kB)
    Total RW  Size (RW Data + ZI Data)              1888 (   1.84kB)
    Total ROM Size (Code + RO Data + RW Data)      14304 (  13.97kB)

==============================================================================

